Component: ARM Compiler 5.06 update 3 (build 300) Tool: armlink [4d35c9]

==============================================================================

Section Cross References

    startup_stm32f10x_md_vl.o(STACK) refers (Special) to heapauxi.o(.text) for __use_two_region_memory
    startup_stm32f10x_md_vl.o(HEAP) refers (Special) to heapauxi.o(.text) for __use_two_region_memory
    startup_stm32f10x_md_vl.o(RESET) refers (Special) to heapauxi.o(.text) for __use_two_region_memory
    startup_stm32f10x_md_vl.o(RESET) refers to startup_stm32f10x_md_vl.o(STACK) for __initial_sp
    startup_stm32f10x_md_vl.o(RESET) refers to startup_stm32f10x_md_vl.o(.text) for Reset_Handler
    startup_stm32f10x_md_vl.o(RESET) refers to stm32f10x_it.o(i.NMI_Handler) for NMI_Handler
    startup_stm32f10x_md_vl.o(RESET) refers to stm32f10x_it.o(i.HardFault_Handler) for HardFault_Handler
    startup_stm32f10x_md_vl.o(RESET) refers to stm32f10x_it.o(i.MemManage_Handler) for MemManage_Handler
    startup_stm32f10x_md_vl.o(RESET) refers to stm32f10x_it.o(i.BusFault_Handler) for BusFault_Handler
    startup_stm32f10x_md_vl.o(RESET) refers to stm32f10x_it.o(i.UsageFault_Handler) for UsageFault_Handler
    startup_stm32f10x_md_vl.o(RESET) refers to stm32f10x_it.o(i.SVC_Handler) for SVC_Handler
    startup_stm32f10x_md_vl.o(RESET) refers to stm32f10x_it.o(i.DebugMon_Handler) for DebugMon_Handler
    startup_stm32f10x_md_vl.o(RESET) refers to stm32f10x_it.o(i.PendSV_Handler) for PendSV_Handler
    startup_stm32f10x_md_vl.o(RESET) refers to stm32f10x_it.o(i.SysTick_Handler) for SysTick_Handler
    startup_stm32f10x_md_vl.o(.text) refers (Special) to heapauxi.o(.text) for __use_two_region_memory
    startup_stm32f10x_md_vl.o(.text) refers to system_stm32f10x.o(i.SystemInit) for SystemInit
    startup_stm32f10x_md_vl.o(.text) refers to __main.o(!!!main) for __main
    startup_stm32f10x_md_vl.o(.text) refers to startup_stm32f10x_md_vl.o(HEAP) for Heap_Mem
    startup_stm32f10x_md_vl.o(.text) refers to startup_stm32f10x_md_vl.o(STACK) for Stack_Mem
    stm32f10x_gpio.o(i.GPIO_AFIODeInit) refers to stm32f10x_rcc.o(i.RCC_APB2PeriphResetCmd) for RCC_APB2PeriphResetCmd
    stm32f10x_gpio.o(i.GPIO_DeInit) refers to stm32f10x_rcc.o(i.RCC_APB2PeriphResetCmd) for RCC_APB2PeriphResetCmd
    stm32f10x_rcc.o(i.RCC_GetClocksFreq) refers to stm32f10x_rcc.o(.data) for APBAHBPrescTable
    stm32f10x_rcc.o(i.RCC_WaitForHSEStartUp) refers to stm32f10x_rcc.o(i.RCC_GetFlagStatus) for RCC_GetFlagStatus
    stm32f10x_usart.o(i.USART_DeInit) refers to stm32f10x_rcc.o(i.RCC_APB2PeriphResetCmd) for RCC_APB2PeriphResetCmd
    stm32f10x_usart.o(i.USART_DeInit) refers to stm32f10x_rcc.o(i.RCC_APB1PeriphResetCmd) for RCC_APB1PeriphResetCmd
    stm32f10x_usart.o(i.USART_Init) refers to stm32f10x_rcc.o(i.RCC_GetClocksFreq) for RCC_GetClocksFreq
    stm32f10x_adc.o(i.ADC_DeInit) refers to stm32f10x_rcc.o(i.RCC_APB2PeriphResetCmd) for RCC_APB2PeriphResetCmd
    stm32f10x_tim.o(i.TIM_DeInit) refers to stm32f10x_rcc.o(i.RCC_APB2PeriphResetCmd) for RCC_APB2PeriphResetCmd
    stm32f10x_tim.o(i.TIM_DeInit) refers to stm32f10x_rcc.o(i.RCC_APB1PeriphResetCmd) for RCC_APB1PeriphResetCmd
    stm32f10x_tim.o(i.TIM_ETRClockMode1Config) refers to stm32f10x_tim.o(i.TIM_ETRConfig) for TIM_ETRConfig
    stm32f10x_tim.o(i.TIM_ETRClockMode2Config) refers to stm32f10x_tim.o(i.TIM_ETRConfig) for TIM_ETRConfig
    stm32f10x_tim.o(i.TIM_ICInit) refers to stm32f10x_tim.o(i.TI1_Config) for TI1_Config
    stm32f10x_tim.o(i.TIM_ICInit) refers to stm32f10x_tim.o(i.TIM_SetIC1Prescaler) for TIM_SetIC1Prescaler
    stm32f10x_tim.o(i.TIM_ICInit) refers to stm32f10x_tim.o(i.TI2_Config) for TI2_Config
    stm32f10x_tim.o(i.TIM_ICInit) refers to stm32f10x_tim.o(i.TIM_SetIC2Prescaler) for TIM_SetIC2Prescaler
    stm32f10x_tim.o(i.TIM_ICInit) refers to stm32f10x_tim.o(i.TI3_Config) for TI3_Config
    stm32f10x_tim.o(i.TIM_ICInit) refers to stm32f10x_tim.o(i.TIM_SetIC3Prescaler) for TIM_SetIC3Prescaler
    stm32f10x_tim.o(i.TIM_ICInit) refers to stm32f10x_tim.o(i.TI4_Config) for TI4_Config
    stm32f10x_tim.o(i.TIM_ICInit) refers to stm32f10x_tim.o(i.TIM_SetIC4Prescaler) for TIM_SetIC4Prescaler
    stm32f10x_tim.o(i.TIM_ITRxExternalClockConfig) refers to stm32f10x_tim.o(i.TIM_SelectInputTrigger) for TIM_SelectInputTrigger
    stm32f10x_tim.o(i.TIM_PWMIConfig) refers to stm32f10x_tim.o(i.TI1_Config) for TI1_Config
    stm32f10x_tim.o(i.TIM_PWMIConfig) refers to stm32f10x_tim.o(i.TIM_SetIC1Prescaler) for TIM_SetIC1Prescaler
    stm32f10x_tim.o(i.TIM_PWMIConfig) refers to stm32f10x_tim.o(i.TI2_Config) for TI2_Config
    stm32f10x_tim.o(i.TIM_PWMIConfig) refers to stm32f10x_tim.o(i.TIM_SetIC2Prescaler) for TIM_SetIC2Prescaler
    stm32f10x_tim.o(i.TIM_TIxExternalClockConfig) refers to stm32f10x_tim.o(i.TI2_Config) for TI2_Config
    stm32f10x_tim.o(i.TIM_TIxExternalClockConfig) refers to stm32f10x_tim.o(i.TI1_Config) for TI1_Config
[...]
    Removing stm32f10x_tim.o(i.TIM_TIxExternalClockConfig), (62 bytes).
    Removing stm32f10x_tim.o(i.TIM_TimeBaseStructInit), (18 bytes).
    Removing stm32f10x_tim.o(i.TIM_UpdateDisableConfig), (24 bytes).
    Removing stm32f10x_tim.o(i.TIM_UpdateRequestConfig), (24 bytes).
    Removing stm32f10x_i2c.o(i.I2C_ARPCmd), (24 bytes).
    Removing stm32f10x_i2c.o(i.I2C_CalculatePEC), (24 bytes).
    Removing stm32f10x_i2c.o(i.I2C_ClearFlag), (12 bytes).
    Removing stm32f10x_i2c.o(i.I2C_ClearITPendingBit), (12 bytes).
    Removing stm32f10x_i2c.o(i.I2C_DMACmd), (24 bytes).
    Removing stm32f10x_i2c.o(i.I2C_DMALastTransferCmd), (24 bytes).
    Removing stm32f10x_i2c.o(i.I2C_DeInit), (56 bytes).
    Removing stm32f10x_i2c.o(i.I2C_DualAddressCmd), (24 bytes).
    Removing stm32f10x_i2c.o(i.I2C_FastModeDutyCycleConfig), (28 bytes).
    Removing stm32f10x_i2c.o(i.I2C_GeneralCallCmd), (24 bytes).
    Removing stm32f10x_i2c.o(i.I2C_GetITStatus), (38 bytes).
    Removing stm32f10x_i2c.o(i.I2C_GetLastEvent), (26 bytes).
    Removing stm32f10x_i2c.o(i.I2C_GetPEC), (8 bytes).
    Removing stm32f10x_i2c.o(i.I2C_ITConfig), (18 bytes).
    Removing stm32f10x_i2c.o(i.I2C_OwnAddress2Config), (22 bytes).
    Removing stm32f10x_i2c.o(i.I2C_PECPositionConfig), (28 bytes).
    Removing stm32f10x_i2c.o(i.I2C_ReadRegister), (22 bytes).
    Removing stm32f10x_i2c.o(i.I2C_SMBusAlertConfig), (28 bytes).
    Removing stm32f10x_i2c.o(i.I2C_SoftwareResetCmd), (22 bytes).
    Removing stm32f10x_i2c.o(i.I2C_StretchClockCmd), (24 bytes).
    Removing stm32f10x_i2c.o(i.I2C_StructInit), (30 bytes).
    Removing stm32f10x_i2c.o(i.I2C_TransmitPEC), (24 bytes).
    Removing main.o(i.fputc), (36 bytes).
    Removing system_stm32f10x.o(i.SystemCoreClockUpdate), (164 bytes).
    Removing system_stm32f10x.o(.data), (20 bytes).
    Removing mcu-i2c-lcd.o(i.I2Cx_LCD_Line4), (10 bytes).

220 unused section(s) (total 7588 bytes) removed from the image.

==============================================================================

Image Symbol Table

    Local Symbols

    Symbol Name                              Value     Ov Type        Size  Object(Section)

    ../clib/angel/boardlib.s                 0x00000000   Number         0  boardinit1.o ABSOLUTE
    ../clib/angel/boardlib.s                 0x00000000   Number         0  boardinit3.o ABSOLUTE
    ../clib/angel/boardlib.s                 0x00000000   Number         0  boardinit2.o ABSOLUTE
    ../clib/angel/boardlib.s                 0x00000000   Number         0  boardshut.o ABSOLUTE
    ../clib/angel/handlers.s                 0x00000000   Number         0  __scatter_zi.o ABSOLUTE
    ../clib/angel/handlers.s                 0x00000000   Number         0  __scatter_copy.o ABSOLUTE
    ../clib/angel/kernel.s                   0x00000000   Number         0  __rtentry.o ABSOLUTE
    ../clib/angel/kernel.s                   0x00000000   Number         0  rtexit2.o ABSOLUTE
    ../clib/angel/kernel.s                   0x00000000   Number         0  __rtentry4.o ABSOLUTE
    ../clib/angel/kernel.s                   0x00000000   Number         0  __rtentry2.o ABSOLUTE
    ../clib/angel/kernel.s                   0x00000000   Number         0  rtexit.o ABSOLUTE
    ../clib/angel/rt.s                       0x00000000   Number         0  rt_raise.o ABSOLUTE
    ../clib/angel/rt.s                       0x00000000   Number         0  rt_locale_intlibspace.o ABSOLUTE
    ../clib/angel/rt.s                       0x00000000   Number         0  rt_locale.o ABSOLUTE
    ../clib/angel/scatter.s                  0x00000000   Number         0  __scatter.o ABSOLUTE
    ../clib/angel/startup.s                  0x00000000   Number         0  __main.o ABSOLUTE
    ../clib/angel/sys.s                      0x00000000   Number         0  use_no_semi.o ABSOLUTE
    ../clib/angel/sys.s                      0x00000000   Number         0  indicate_semi.o ABSOLUTE
    ../clib/angel/sys.s                      0x00000000   Number         0  sys_stackheap_outer.o ABSOLUTE
    ../clib/angel/sys.s                      0x00000000   Number         0  libspace.o ABSOLUTE
    ../clib/angel/sysapp.c                   0x00000000   Number         0  sys_exit.o ABSOLUTE
    ../clib/angel/sysapp.c                   0x00000000   Number         0  sys_wrch.o ABSOLUTE
    ../clib/angel/sysapp.c                   0x00000000   Number         0  sys_command.o ABSOLUTE
    ../clib/armsys.c                         0x00000000   Number         0  argv_veneer.o ABSOLUTE
    ../clib/armsys.c                         0x00000000   Number         0  _get_argv_nomalloc.o ABSOLUTE
    ../clib/armsys.c                         0x00000000   Number         0  no_argv.o ABSOLUTE
    ../clib/armsys.c                         0x00000000   Number         0  argv_veneer.o ABSOLUTE
    ../clib/bigflt.c                         0x00000000   Number         0  bigflt0.o ABSOLUTE
    ../clib/btod.s                           0x00000000   Number         0  btod.o ABSOLUTE
    ../clib/heapalloc.c                      0x00000000   Number         0  hrguard.o ABSOLUTE
    ../clib/heapaux.c                        0x00000000   Number         0  heapauxi.o ABSOLUTE
    ../clib/libinit.s                        0x00000000   Number         0  libinit2.o ABSOLUTE
    ../clib/libinit.s                        0x00000000   Number         0  libshutdown2.o ABSOLUTE
    ../clib/libinit.s                        0x00000000   Number         0  libinit.o ABSOLUTE
    ../clib/libinit.s                        0x00000000   Number         0  libshutdown.o ABSOLUTE
    ../clib/locale.s                         0x00000000   Number         0  lc_numeric_c.o ABSOLUTE
    ../clib/longlong.s                       0x00000000   Number         0  lludiv10.o ABSOLUTE
    ../clib/memcpset.s                       0x00000000   Number         0  strcmpv7m.o ABSOLUTE
    ../clib/printf.c                         0x00000000   Number         0  __printf_ss.o ABSOLUTE
    ../clib/printf.c                         0x00000000   Number         0  __printf_flags_ss.o ABSOLUTE
    ../clib/printf.c                         0x00000000   Number         0  __printf_wp.o ABSOLUTE
    ../clib/printf.c                         0x00000000   Number         0  __printf_flags_wp.o ABSOLUTE
    ../clib/printf.c                         0x00000000   Number         0  _printf_fp_dec.o ABSOLUTE
    ../clib/printf.c                         0x00000000   Number         0  _printf_char_common.o ABSOLUTE
    ../clib/printf.c                         0x00000000   Number         0  __printf_flags_ss_wp.o ABSOLUTE
    ../clib/printf.c                         0x00000000   Number         0  _sputc.o ABSOLUTE
    ../clib/printf.c                         0x00000000   Number         0  _printf_fp_infnan.o ABSOLUTE
    ../clib/printf.c                         0x00000000   Number         0  __printf_nopercent.o ABSOLUTE
    ../clib/printf.c                         0x00000000   Number         0  __2sprintf.o ABSOLUTE
    ../clib/printf.c                         0x00000000   Number         0  __printf_ss_wp.o ABSOLUTE
    ../clib/printf.c                         0x00000000   Number         0  noretval__2sprintf.o ABSOLUTE
    ../clib/printf.c                         0x00000000   Number         0  _printf_dec.o ABSOLUTE
    ../clib/printf.c                         0x00000000   Number         0  __printf.o ABSOLUTE
    ../clib/printf.c                         0x00000000   Number         0  __printf_flags.o ABSOLUTE
    ../clib/printf.c                         0x00000000   Number         0  _printf_intcommon.o ABSOLUTE
    ../clib/printf_percent.s                 0x00000000   Number         0  _printf_g.o ABSOLUTE
    ../clib/printf_percent.s                 0x00000000   Number         0  _printf_d.o ABSOLUTE
    ../clib/printf_percent.s                 0x00000000   Number         0  _printf_percent.o ABSOLUTE
    ../clib/printf_percent.s                 0x00000000   Number         0  _printf_percent_end.o ABSOLUTE
    ../clib/signal.c                         0x00000000   Number         0  defsig_rtmem_inner.o ABSOLUTE
    ../clib/signal.c                         0x00000000   Number         0  __raise.o ABSOLUTE
    ../clib/signal.c                         0x00000000   Number         0  defsig_rtmem_outer.o ABSOLUTE
    ../clib/signal.c                         0x00000000   Number         0  defsig_general.o ABSOLUTE
    ../clib/signal.c                         0x00000000   Number         0  defsig_exit.o ABSOLUTE
    ../clib/signal.c                         0x00000000   Number         0  defsig_stak_inner.o ABSOLUTE
    ../clib/signal.c                         0x00000000   Number         0  defsig_rtmem_formal.o ABSOLUTE
    ../clib/signal.c                         0x00000000   Number         0  defsig_abrt_inner.o ABSOLUTE
    ../clib/signal.c                         0x00000000   Number         0  defsig_fpe_inner.o ABSOLUTE
    ../clib/signal.c                         0x00000000   Number         0  defsig_rtred_inner.o ABSOLUTE
    ../clib/signal.c                         0x00000000   Number         0  defsig_segv_inner.o ABSOLUTE
    ../clib/signal.c                         0x00000000   Number         0  defsig_other.o ABSOLUTE
    ../clib/signal.c                         0x00000000   Number         0  defsig_pvfn_inner.o ABSOLUTE
    ../clib/signal.c                         0x00000000   Number         0  defsig_cppl_inner.o ABSOLUTE
    ../clib/signal.s                         0x00000000   Number         0  defsig.o ABSOLUTE
    ../clib/stdlib.c                         0x00000000   Number         0  exit.o ABSOLUTE
    ../fplib/d2f.s                           0x00000000   Number         0  d2f.o ABSOLUTE
    ../fplib/daddsub.s                       0x00000000   Number         0  daddsub_clz.o ABSOLUTE
    ../fplib/dflt.s                          0x00000000   Number         0  dflt_clz.o ABSOLUTE
    ../fplib/dmul.s                          0x00000000   Number         0  dmul.o ABSOLUTE
    ../fplib/dnaninf.s                       0x00000000   Number         0  dnaninf.o ABSOLUTE
    ../fplib/dretinf.s                       0x00000000   Number         0  dretinf.o ABSOLUTE
    ../fplib/f2d.s                           0x00000000   Number         0  f2d.o ABSOLUTE
    ../fplib/fcmpi.s                         0x00000000   Number         0  fcmpi.o ABSOLUTE
    ../fplib/fleqf.s                         0x00000000   Number         0  fleqf.o ABSOLUTE
    ../fplib/fnaninf.s                       0x00000000   Number         0  fnaninf.o ABSOLUTE
    ../fplib/fpinit.s                        0x00000000   Number         0  fpinit.o ABSOLUTE
    ../fplib/fretinf.s                       0x00000000   Number         0  fretinf.o ABSOLUTE
    ../fplib/istatus.s                       0x00000000   Number         0  istatus.o ABSOLUTE
    ../fplib/printf1.s                       0x00000000   Number         0  printf1.o ABSOLUTE
    ../fplib/usenofp.s                       0x00000000   Number         0  usenofp.o ABSOLUTE
    ../mathlib/fpclassify.c                  0x00000000   Number         0  fpclassify.o ABSOLUTE
    LIB_LAB\src\mcu-delay.c                  0x00000000   Number         0  mcu-delay.o ABSOLUTE
    Lib\CMSIS\CM3\CoreSupport\core_cm3.c     0x00000000   Number         0  core_cm3.o ABSOLUTE
    Lib\CMSIS\CM3\DeviceSupport\ST\STM32F10x\startup\arm\startup_stm32f10x_md_vl.s 0x00000000   Number         0  startup_stm32f10x_md_vl.o ABSOLUTE
    Lib\STM32F10x_StdPeriph_Driver\src\misc.c 0x00000000   Number         0  misc.o ABSOLUTE
    Lib\STM32F10x_StdPeriph_Driver\src\stm32f10x_adc.c 0x00000000   Number         0  stm32f10x_adc.o ABSOLUTE
    Lib\STM32F10x_StdPeriph_Driver\src\stm32f10x_exti.c 0x00000000   Number         0  stm32f10x_exti.o ABSOLUTE
    Lib\STM32F10x_StdPeriph_Driver\src\stm32f10x_gpio.c 0x00000000   Number         0  stm32f10x_gpio.o ABSOLUTE
    Lib\STM32F10x_StdPeriph_Driver\src\stm32f10x_i2c.c 0x00000000   Number         0  stm32f10x_i2c.o ABSOLUTE
    Lib\STM32F10x_StdPeriph_Driver\src\stm32f10x_rcc.c 0x00000000   Number         0  stm32f10x_rcc.o ABSOLUTE
    Lib\STM32F10x_StdPeriph_Driver\src\stm32f10x_tim.c 0x00000000   Number         0  stm32f10x_tim.o ABSOLUTE
    Lib\STM32F10x_StdPeriph_Driver\src\stm32f10x_usart.c 0x00000000   Number         0  stm32f10x_usart.o ABSOLUTE
    Lib\\CMSIS\\CM3\\CoreSupport\\core_cm3.c 0x00000000   Number         0  core_cm3.o ABSOLUTE
    Project\main.c                           0x00000000   Number         0  main.o ABSOLUTE
    Project\stm32f10x_it.c                   0x00000000   Number         0  stm32f10x_it.o ABSOLUTE
    Project\system_stm32f10x.c               0x00000000   Number         0  system_stm32f10x.o ABSOLUTE
    User_STM32\mcu-i2c-lcd.c                 0x00000000   Number         0  mcu-i2c-lcd.o ABSOLUTE
    User_STM32\mcu-i2c.c                     0x00000000   Number         0  mcu-i2c.o ABSOLUTE
    dc.s                                     0x00000000   Number         0  dc.o ABSOLUTE
    RESET                                    0x08000000   Section      288  startup_stm32f10x_md_vl.o(RESET)
    !!!main                                  0x08000120   Section        8  __main.o(!!!main)
    !!!scatter                               0x08000128   Section       52  __scatter.o(!!!scatter)
    !!handler_copy                           0x0800015c   Section       26  __scatter_copy.o(!!handler_copy)
    !!handler_zi                             0x08000178   Section       28  __scatter_zi.o(!!handler_zi)
    .ARM.Collect$$_printf_percent$$00000000  0x08000194   Section        0  _printf_percent.o(.ARM.Collect$$_printf_percent$$00000000)
    .ARM.Collect$$_printf_percent$$00000005  0x08000194   Section        6  _printf_g.o(.ARM.Collect$$_printf_percent$$00000005)
    .ARM.Collect$$_printf_percent$$00000009  0x0800019a   Section        6  _printf_d.o(.ARM.Collect$$_printf_percent$$00000009)
    .ARM.Collect$$_printf_percent$$00000017  0x080001a0   Section        4  _printf_percent_end.o(.ARM.Collect$$_printf_percent$$00000017)
    .ARM.Collect$$libinit$$00000000          0x080001a4   Section        2  libinit.o(.ARM.Collect$$libinit$$00000000)
    .ARM.Collect$$libinit$$00000002          0x080001a6   Section        0  libinit2.o(.ARM.Collect$$libinit$$00000002)
    .ARM.Collect$$libinit$$00000004          0x080001a6   Section        0  libinit2.o(.ARM.Collect$$libinit$$00000004)
    .ARM.Collect$$libinit$$0000000A          0x080001a6   Section        0  libinit2.o(.ARM.Collect$$libinit$$0000000A)
    .ARM.Collect$$libinit$$0000000C          0x080001a6   Section        0  libinit2.o(.ARM.Collect$$libinit$$0000000C)
    .ARM.Collect$$libinit$$0000000E          0x080001a6   Section        0  libinit2.o(.ARM.Collect$$libinit$$0000000E)
    .ARM.Collect$$libinit$$0000000F          0x080001a6   Section        6  libinit2.o(.ARM.Collect$$libinit$$0000000F)
    .ARM.Collect$$libinit$$00000011          0x080001ac   Section        0  libinit2.o(.ARM.Collect$$libinit$$00000011)
    .ARM.Collect$$libinit$$00000013          0x080001ac   Section        0  libinit2.o(.ARM.Collect$$libinit$$00000013)
    .ARM.Collect$$libinit$$00000015          0x080001ac   Section        0  libinit2.o(.ARM.Collect$$libinit$$00000015)
    .ARM.Collect$$libinit$$00000016          0x080001ac   Section       10  libinit2.o(.ARM.Collect$$libinit$$00000016)
    .ARM.Collect$$libinit$$00000017          0x080001b6   Section        0  libinit2.o(.ARM.Collect$$libinit$$00000017)
    .ARM.Collect$$libinit$$00000019          0x080001b6   Section        0  libinit2.o(.ARM.Collect$$libinit$$00000019)
    .ARM.Collect$$libinit$$0000001B          0x080001b6   Section        0  libinit2.o(.ARM.Collect$$libinit$$0000001B)
    .ARM.Collect$$libinit$$0000001D          0x080001b6   Section        0  libinit2.o(.ARM.Collect$$libinit$$0000001D)
    .ARM.Collect$$libinit$$0000001F          0x080001b6   Section        0  libinit2.o(.ARM.Collect$$libinit$$0000001F)
    .ARM.Collect$$libinit$$00000021          0x080001b6   Section        0  libinit2.o(.ARM.Collect$$libinit$$00000021)
    .ARM.Collect$$libinit$$00000023          0x080001b6   Section        0  libinit2.o(.ARM.Collect$$libinit$$00000023)
    .ARM.Collect$$libinit$$00000025          0x080001b6   Section        0  libinit2.o(.ARM.Collect$$libinit$$00000025)
    .ARM.Collect$$libinit$$0000002C          0x080001b6   Section        0  libinit2.o(.ARM.Collect$$libinit$$0000002C)
    .ARM.Collect$$libinit$$0000002E          0x080001b6   Section        0  libinit2.o(.ARM.Collect$$libinit$$0000002E)
    .ARM.Collect$$libinit$$00000030          0x080001b6   Section        0  libinit2.o(.ARM.Collect$$libinit$$00000030)
    .ARM.Collect$$libinit$$00000032          0x080001b6   Section        0  libinit2.o(.ARM.Collect$$libinit$$00000032)
    .ARM.Collect$$libinit$$00000033          0x080001b6   Section        2  libinit2.o(.ARM.Collect$$libinit$$00000033)
    .ARM.Collect$$libshutdown$$00000000      0x080001b8   Section        2  libshutdown.o(.ARM.Collect$$libshutdown$$00000000)
    .ARM.Collect$$libshutdown$$00000002      0x080001ba   Section        0  libshutdown2.o(.ARM.Collect$$libshutdown$$00000002)
    .ARM.Collect$$libshutdown$$00000004      0x080001ba   Section        0  libshutdown2.o(.ARM.Collect$$libshutdown$$00000004)
    .ARM.Collect$$libshutdown$$00000007      0x080001ba   Section        0  libshutdown2.o(.ARM.Collect$$libshutdown$$00000007)
    .ARM.Collect$$libshutdown$$0000000A      0x080001ba   Section        0  libshutdown2.o(.ARM.Collect$$libshutdown$$0000000A)
    .ARM.Collect$$libshutdown$$0000000C      0x080001ba   Section        0  libshutdown2.o(.ARM.Collect$$libshutdown$$0000000C)
    .ARM.Collect$$libshutdown$$0000000F      0x080001ba   Section        0  libshutdown2.o(.ARM.Collect$$libshutdown$$0000000F)
    .ARM.Collect$$libshutdown$$00000010      0x080001ba   Section        2  libshutdown2.o(.ARM.Collect$$libshutdown$$00000010)
    .ARM.Collect$$rtentry$$00000000          0x080001bc   Section        0  __rtentry.o(.ARM.Collect$$rtentry$$00000000)
    .ARM.Collect$$rtentry$$00000002          0x080001bc   Section        0  __rtentry2.o(.ARM.Collect$$rtentry$$00000002)
    .ARM.Collect$$rtentry$$00000004          0x080001bc   Section        6  __rtentry4.o(.ARM.Collect$$rtentry$$00000004)
    .ARM.Collect$$rtentry$$00000009          0x080001c2   Section        0  __rtentry2.o(.ARM.Collect$$rtentry$$00000009)
    .ARM.Collect$$rtentry$$0000000A          0x080001c2   Section        4  __rtentry2.o(.ARM.Collect$$rtentry$$0000000A)
    .ARM.Collect$$rtentry$$0000000C          0x080001c6   Section        0  __rtentry2.o(.ARM.Collect$$rtentry$$0000000C)
    .ARM.Collect$$rtentry$$0000000D          0x080001c6   Section        8  __rtentry2.o(.ARM.Collect$$rtentry$$0000000D)
    .ARM.Collect$$rtexit$$00000000           0x080001ce   Section        2  rtexit.o(.ARM.Collect$$rtexit$$00000000)
    .ARM.Collect$$rtexit$$00000002           0x080001d0   Section        0  rtexit2.o(.ARM.Collect$$rtexit$$00000002)
    .ARM.Collect$$rtexit$$00000003           0x080001d0   Section        4  rtexit2.o(.ARM.Collect$$rtexit$$00000003)
    .ARM.Collect$$rtexit$$00000004           0x080001d4   Section        6  rtexit2.o(.ARM.Collect$$rtexit$$00000004)
    .text                                    0x080001dc   Section       64  startup_stm32f10x_md_vl.o(.text)
    .text                                    0x0800021c   Section        0  noretval__2sprintf.o(.text)
    .text                                    0x08000244   Section        0  __printf.o(.text)
    .text                                    0x080002ac   Section        0  _printf_dec.o(.text)
    .text                                    0x08000324   Section        0  heapauxi.o(.text)
    .text                                    0x0800032a   Section        0  _printf_intcommon.o(.text)
    .text                                    0x080003dc   Section        0  _printf_fp_dec.o(.text)
    _fp_digits                               0x080003df   Thumb Code   428  _printf_fp_dec.o(.text)
    .text                                    0x080007f8   Section        0  _printf_char_common.o(.text)
    _printf_input_char                       0x080007f9   Thumb Code    10  _printf_char_common.o(.text)
    .text                                    0x08000828   Section        0  _sputc.o(.text)
    .text                                    0x08000834   Section        8  rt_locale_intlibspace.o(.text)
    .text                                    0x0800083c   Section      138  lludiv10.o(.text)
    .text                                    0x080008c8   Section        0  _printf_fp_infnan.o(.text)
    .text                                    0x08000948   Section        0  bigflt0.o(.text)
    .text                                    0x08000a24   Section        8  libspace.o(.text)
    .text                                    0x08000a2c   Section       74  sys_stackheap_outer.o(.text)
    .text                                    0x08000a76   Section        0  exit.o(.text)
    .text                                    0x08000a88   Section      128  strcmpv7m.o(.text)
    .text                                    0x08000b08   Section        0  sys_exit.o(.text)
    .text                                    0x08000b14   Section        2  use_no_semi.o(.text)
    .text                                    0x08000b16   Section        0  indicate_semi.o(.text)
    CL$$btod_d2e                             0x08000b16   Section       62  btod.o(CL$$btod_d2e)
    CL$$btod_d2e_denorm_low                  0x08000b54   Section       70  btod.o(CL$$btod_d2e_denorm_low)
    CL$$btod_d2e_norm_op1                    0x08000b9a   Section       96  btod.o(CL$$btod_d2e_norm_op1)
    CL$$btod_div_common                      0x08000bfa   Section      824  btod.o(CL$$btod_div_common)
    CL$$btod_e2e                             0x08000f32   Section      198  btod.o(CL$$btod_e2e)
    CL$$btod_ediv                            0x08000ff8   Section       40  btod.o(CL$$btod_ediv)
    CL$$btod_emul                            0x08001020   Section       40  btod.o(CL$$btod_emul)
    CL$$btod_mult_common                     0x08001048   Section      580  btod.o(CL$$btod_mult_common)
    i.ADC_Cmd                                0x0800128c   Section        0  stm32f10x_adc.o(i.ADC_Cmd)
    i.ADC_Configuration                      0x080012a4   Section        0  main.o(i.ADC_Configuration)
    i.ADC_GetCalibrationStatus               0x08001344   Section        0  stm32f10x_adc.o(i.ADC_GetCalibrationStatus)
    i.ADC_GetConversionValue                 0x08001358   Section        0  stm32f10x_adc.o(i.ADC_GetConversionValue)
    i.ADC_GetResetCalibrationStatus          0x08001360   Section        0  stm32f10x_adc.o(i.ADC_GetResetCalibrationStatus)
    i.ADC_Init                               0x08001374   Section        0  stm32f10x_adc.o(i.ADC_Init)
    i.ADC_RegularChannelConfig               0x080013c4   Section        0  stm32f10x_adc.o(i.ADC_RegularChannelConfig)
    i.ADC_ResetCalibration                   0x0800147c   Section        0  stm32f10x_adc.o(i.ADC_ResetCalibration)
    i.ADC_SoftwareStartConvCmd               0x08001486   Section        0  stm32f10x_adc.o(i.ADC_SoftwareStartConvCmd)
    i.ADC_StartCalibration                   0x0800149c   Section        0  stm32f10x_adc.o(i.ADC_StartCalibration)
    i.ADC_TempSensorVrefintCmd               0x080014a8   Section        0  stm32f10x_adc.o(i.ADC_TempSensorVrefintCmd)
    i.BusFault_Handler                       0x080014cc   Section        0  stm32f10x_it.o(i.BusFault_Handler)
    i.Config_Timer                           0x080014d0   Section        0  mcu-delay.o(i.Config_Timer)
    i.DebugMon_Handler                       0x08001500   Section        0  stm32f10x_it.o(i.DebugMon_Handler)
    i.Delay_1ms                              0x08001502   Section        0  mcu-delay.o(i.Delay_1ms)
    i.Delay_1us                              0x08001538   Section        0  mcu-delay.o(i.Delay_1us)
    i.Delay_ms                               0x0800156a   Section        0  mcu-delay.o(i.Delay_ms)
    i.Delay_us                               0x0800157e   Section        0  mcu-delay.o(i.Delay_us)
    i.GPIO_Configuration                     0x08001594   Section        0  main.o(i.GPIO_Configuration)
    i.GPIO_Init                              0x080015bc   Section        0  stm32f10x_gpio.o(i.GPIO_Init)
    i.GPIO_PinRemapConfig                    0x080016d4   Section        0  stm32f10x_gpio.o(i.GPIO_PinRemapConfig)
    i.GPIO_ResetBits                         0x08001764   Section        0  stm32f10x_gpio.o(i.GPIO_ResetBits)
    i.GPIO_SetBits                           0x08001768   Section        0  stm32f10x_gpio.o(i.GPIO_SetBits)
    i.HardFault_Handler                      0x0800176c   Section        0  stm32f10x_it.o(i.HardFault_Handler)
    i.I2C_AcknowledgeConfig                  0x08001770   Section        0  stm32f10x_i2c.o(i.I2C_AcknowledgeConfig)
    i.I2C_CheckEvent                         0x08001788   Section        0  stm32f10x_i2c.o(i.I2C_CheckEvent)
    i.I2C_Cmd                                0x080017b2   Section        0  stm32f10x_i2c.o(i.I2C_Cmd)
    i.I2C_GenerateSTART                      0x080017ca   Section        0  stm32f10x_i2c.o(i.I2C_GenerateSTART)
    i.I2C_GenerateSTOP                       0x080017e2   Section        0  stm32f10x_i2c.o(i.I2C_GenerateSTOP)
    i.I2C_GetFlagStatus                      0x080017fa   Section        0  stm32f10x_i2c.o(i.I2C_GetFlagStatus)
    i.I2C_Init                               0x08001834   Section        0  stm32f10x_i2c.o(i.I2C_Init)
    i.I2C_NACKPositionConfig                 0x08001920   Section        0  stm32f10x_i2c.o(i.I2C_NACKPositionConfig)
    i.I2C_ReceiveData                        0x0800193c   Section        0  stm32f10x_i2c.o(i.I2C_ReceiveData)
    i.I2C_Send7bitAddress                    0x08001944   Section        0  stm32f10x_i2c.o(i.I2C_Send7bitAddress)
    i.I2C_SendData                           0x08001956   Section        0  stm32f10x_i2c.o(i.I2C_SendData)
    i.I2Cx_Init                              0x0800195c   Section        0  mcu-i2c.o(i.I2Cx_Init)
    i.I2Cx_LCD_BackLight                     0x08001a18   Section        0  mcu-i2c-lcd.o(i.I2Cx_LCD_BackLight)
    i.I2Cx_LCD_Clear                         0x08001a38   Section        0  mcu-i2c-lcd.o(i.I2Cx_LCD_Clear)
    i.I2Cx_LCD_FlushVal                      0x08001a44   Section        0  mcu-i2c-lcd.o(i.I2Cx_LCD_FlushVal)
    I2Cx_LCD_FlushVal                        0x08001a45   Thumb Code    52  mcu-i2c-lcd.o(i.I2Cx_LCD_FlushVal)
    i.I2Cx_LCD_Init                          0x08001a80   Section        0  mcu-i2c-lcd.o(i.I2Cx_LCD_Init)
    i.I2Cx_LCD_Line2                         0x08001afc   Section        0  mcu-i2c-lcd.o(i.I2Cx_LCD_Line2)
    i.I2Cx_LCD_Line3                         0x08001b06   Section        0  mcu-i2c-lcd.o(i.I2Cx_LCD_Line3)
    i.I2Cx_LCD_Puts                          0x08001b10   Section        0  mcu-i2c-lcd.o(i.I2Cx_LCD_Puts)
    i.I2Cx_LCD_WriteCmd                      0x08001b2c   Section        0  mcu-i2c-lcd.o(i.I2Cx_LCD_WriteCmd)
    I2Cx_LCD_WriteCmd                        0x08001b2d   Thumb Code    42  mcu-i2c-lcd.o(i.I2Cx_LCD_WriteCmd)
    i.I2Cx_LCD_Write_4bit                    0x08001b5c   Section        0  mcu-i2c-lcd.o(i.I2Cx_LCD_Write_4bit)
    I2Cx_LCD_Write_4bit                      0x08001b5d   Thumb Code   106  mcu-i2c-lcd.o(i.I2Cx_LCD_Write_4bit)
    i.I2Cx_Pinout                            0x08001bcc   Section        0  mcu-i2c.o(i.I2Cx_Pinout)
    i.I2Cx_Read                              0x08001c20   Section        0  mcu-i2c.o(i.I2Cx_Read)
    i.I2Cx_Write                             0x08001c3c   Section        0  mcu-i2c.o(i.I2Cx_Write)
    i.LCD_WaitBusy                           0x08001c58   Section        0  mcu-i2c-lcd.o(i.LCD_WaitBusy)
    i.LCDx_Write_Chr                         0x08001cc4   Section        0  mcu-i2c-lcd.o(i.LCDx_Write_Chr)
    i.MemManage_Handler                      0x08001cf4   Section        0  stm32f10x_it.o(i.MemManage_Handler)
    i.NMI_Handler                            0x08001cf8   Section        0  stm32f10x_it.o(i.NMI_Handler)
    i.PendSV_Handler                         0x08001cfa   Section        0  stm32f10x_it.o(i.PendSV_Handler)
    i.RCC_APB1PeriphClockCmd                 0x08001cfc   Section        0  stm32f10x_rcc.o(i.RCC_APB1PeriphClockCmd)
    i.RCC_APB1PeriphResetCmd                 0x08001d1c   Section        0  stm32f10x_rcc.o(i.RCC_APB1PeriphResetCmd)
    i.RCC_APB2PeriphClockCmd                 0x08001d3c   Section        0  stm32f10x_rcc.o(i.RCC_APB2PeriphClockCmd)
    i.RCC_GetClocksFreq                      0x08001d5c   Section        0  stm32f10x_rcc.o(i.RCC_GetClocksFreq)
    i.SVC_Handler                            0x08001e30   Section        0  stm32f10x_it.o(i.SVC_Handler)
    i.SetSysClock                            0x08001e32   Section        0  system_stm32f10x.o(i.SetSysClock)
    SetSysClock                              0x08001e33   Thumb Code     8  system_stm32f10x.o(i.SetSysClock)
    i.SetSysClockTo72                        0x08001e3c   Section        0  system_stm32f10x.o(i.SetSysClockTo72)
    SetSysClockTo72                          0x08001e3d   Thumb Code   214  system_stm32f10x.o(i.SetSysClockTo72)
    i.SysTick_Handler                        0x08001f1c   Section        0  stm32f10x_it.o(i.SysTick_Handler)
    i.SystemInit                             0x08001f20   Section        0  system_stm32f10x.o(i.SystemInit)
    i.TIM_Cmd                                0x08001f80   Section        0  stm32f10x_tim.o(i.TIM_Cmd)
    i.TIM_GetCounter                         0x08001f98   Section        0  stm32f10x_tim.o(i.TIM_GetCounter)
    i.TIM_SetCounter                         0x08001f9e   Section        0  stm32f10x_tim.o(i.TIM_SetCounter)
    i.TIM_TimeBaseInit                       0x08001fa4   Section        0  stm32f10x_tim.o(i.TIM_TimeBaseInit)
    i.UART_Configuration                     0x08002048   Section        0  main.o(i.UART_Configuration)
    i.USART_Cmd                              0x080020b8   Section        0  stm32f10x_usart.o(i.USART_Cmd)
    i.USART_GetFlagStatus                    0x080020d0   Section        0  stm32f10x_usart.o(i.USART_GetFlagStatus)
    i.USART_Init                             0x080020ec   Section        0  stm32f10x_usart.o(i.USART_Init)
    i.USART_SendChar                         0x080021c4   Section        0  main.o(i.USART_SendChar)
    i.USART_SendData                         0x080021e4   Section        0  stm32f10x_usart.o(i.USART_SendData)
    i.USART_SendString                       0x080021ec   Section        0  main.o(i.USART_SendString)
    i.UsageFault_Handler                     0x08002202   Section        0  stm32f10x_it.o(i.UsageFault_Handler)
    i.__ARM_fpclassify                       0x08002206   Section        0  fpclassify.o(i.__ARM_fpclassify)
    i.lib_I2Cx_Read                          0x08002230   Section        0  mcu-i2c.o(i.lib_I2Cx_Read)
    i.lib_I2Cx_Write                         0x08002438   Section        0  mcu-i2c.o(i.lib_I2Cx_Write)
    i.main                                   0x08002554   Section        0  main.o(i.main)
    locale$$code                             0x080027a0   Section       44  lc_numeric_c.o(locale$$code)
    x$fpl$d2f                                0x080027cc   Section       98  d2f.o(x$fpl$d2f)
    x$fpl$dadd                               0x08002830   Section      336  daddsub_clz.o(x$fpl$dadd)
    _dadd1                                   0x08002841   Thumb Code     0  daddsub_clz.o(x$fpl$dadd)
    x$fpl$dfltu                              0x08002980   Section       38  dflt_clz.o(x$fpl$dfltu)
    x$fpl$dmul                               0x080029a8   Section      340  dmul.o(x$fpl$dmul)
    x$fpl$dnaninf                            0x08002afc   Section      156  dnaninf.o(x$fpl$dnaninf)
    x$fpl$dretinf                            0x08002b98   Section       12  dretinf.o(x$fpl$dretinf)
    x$fpl$dsub                               0x08002ba4   Section      468  daddsub_clz.o(x$fpl$dsub)
    _dsub1                                   0x08002bb5   Thumb Code     0  daddsub_clz.o(x$fpl$dsub)
    x$fpl$f2d                                0x08002d78   Section       86  f2d.o(x$fpl$f2d)
    x$fpl$fcmpinf                            0x08002dce   Section       24  fcmpi.o(x$fpl$fcmpinf)
    x$fpl$fleqf                              0x08002de8   Section      104  fleqf.o(x$fpl$fleqf)
    x$fpl$fnaninf                            0x08002e50   Section      140  fnaninf.o(x$fpl$fnaninf)
    x$fpl$fretinf                            0x08002edc   Section       10  fretinf.o(x$fpl$fretinf)
    x$fpl$printf1                            0x08002ee6   Section        4  printf1.o(x$fpl$printf1)
    x$fpl$usenofp                            0x08002eea   Section        0  usenofp.o(x$fpl$usenofp)
    .constdata                               0x08002eec   Section      148  bigflt0.o(.constdata)
    tenpwrs_x                                0x08002eec   Data          60  bigflt0.o(.constdata)
    tenpwrs_i                                0x08002f28   Data          64  bigflt0.o(.constdata)
    locale$$data                             0x08002fa0   Section       28  lc_numeric_c.o(locale$$data)
    __lcnum_c_name                           0x08002fa4   Data           2  lc_numeric_c.o(locale$$data)
    __lcnum_c_start                          0x08002fac   Data           0  lc_numeric_c.o(locale$$data)
    __lcnum_c_point                          0x08002fb8   Data           0  lc_numeric_c.o(locale$$data)
    __lcnum_c_thousands                      0x08002fba   Data           0  lc_numeric_c.o(locale$$data)
    __lcnum_c_grouping                       0x08002fbb   Data           0  lc_numeric_c.o(locale$$data)
    __lcnum_c_end                            0x08002fbc   Data           0  lc_numeric_c.o(locale$$data)
    .data                                    0x20000000   Section       20  stm32f10x_rcc.o(.data)
    APBAHBPrescTable                         0x20000000   Data          16  stm32f10x_rcc.o(.data)
    ADCPrescTable                            0x20000010   Data           4  stm32f10x_rcc.o(.data)
    .data                                    0x20000014   Section       36  main.o(.data)
    .data                                    0x20000038   Section        4  mcu-i2c.o(.data)
    .data                                    0x2000003c   Section        9  mcu-i2c-lcd.o(.data)
    u8LCD_Buff                               0x2000003c   Data           8  mcu-i2c-lcd.o(.data)
    u8LcdTmp                                 0x20000044   Data           1  mcu-i2c-lcd.o(.data)
    .bss                                     0x20000048   Section       66  main.o(.bss)
    .bss                                     0x2000008c   Section       96  libspace.o(.bss)
    HEAP                                     0x200000f0   Section      512  startup_stm32f10x_md_vl.o(HEAP)
    Heap_Mem                                 0x200000f0   Data         512  startup_stm32f10x_md_vl.o(HEAP)
    STACK                                    0x200002f0   Section     1024  startup_stm32f10x_md_vl.o(STACK)
    Stack_Mem                                0x200002f0   Data        1024  startup_stm32f10x_md_vl.o(STACK)
    __initial_sp                             0x200006f0   Data           0  startup_stm32f10x_md_vl.o(STACK)

    Global Symbols

    Symbol Name                              Value     Ov Type        Size  Object(Section)

    BuildAttributes$$THM_ISAv4$P$D$K$B$S$PE$A:L22UL41UL21$X:L11$S22US41US21$IEEE1$IW$USESV6$~STKCKD$USESV7$~SHL$OTIME$ROPI$IEEEJ$EBA8$UX$STANDARDLIB$REQ8$PRES8$EABIv2 0x00000000   Number         0  anon$$obj.o ABSOLUTE
    __ARM_use_no_argv                        0x00000000   Number         0  main.o ABSOLUTE
    __ARM_exceptions_init                     - Undefined Weak Reference
    __alloca_initialize                       - Undefined Weak Reference
    __arm_preinit_                            - Undefined Weak Reference
    __cpp_initialize__aeabi_                  - Undefined Weak Reference
    __cxa_finalize                            - Undefined Weak Reference
    __sigvec_lookup                           - Undefined Weak Reference
    _atexit_init                              - Undefined Weak Reference
    _call_atexit_fns                          - Undefined Weak Reference
    _clock_init                               - Undefined Weak Reference
    _fp_trap_init                             - Undefined Weak Reference
    _fp_trap_shutdown                         - Undefined Weak Reference
    _get_lc_collate                           - Undefined Weak Reference
    _get_lc_ctype                             - Undefined Weak Reference
    _get_lc_monetary                          - Undefined Weak Reference
    _get_lc_time                              - Undefined Weak Reference
    _getenv_init                              - Undefined Weak Reference
    _handle_redirection                       - Undefined Weak Reference
    _init_alloc                               - Undefined Weak Reference
    _init_user_alloc                          - Undefined Weak Reference
    _initio                                   - Undefined Weak Reference
    _printf_post_padding                      - Undefined Weak Reference
    _printf_pre_padding                       - Undefined Weak Reference
    _printf_truncate_signed                   - Undefined Weak Reference
    _printf_truncate_unsigned                 - Undefined Weak Reference
    _rand_init                                - Undefined Weak Reference
    _signal_finish                            - Undefined Weak Reference
    _signal_init                              - Undefined Weak Reference
    _terminate_alloc                          - Undefined Weak Reference
    _terminate_user_alloc                     - Undefined Weak Reference
    _terminateio                              - Undefined Weak Reference
    __Vectors_Size                           0x00000120   Number         0  startup_stm32f10x_md_vl.o ABSOLUTE
    __Vectors                                0x08000000   Data           4  startup_stm32f10x_md_vl.o(RESET)
    __Vectors_End                            0x08000120   Data           0  startup_stm32f10x_md_vl.o(RESET)
    __main                                   0x08000121   Thumb Code     8  __main.o(!!!main)
    __scatterload                            0x08000129   Thumb Code     0  __scatter.o(!!!scatter)
    __scatterload_rt2                        0x08000129   Thumb Code    44  __scatter.o(!!!scatter)
    __scatterload_rt2_thumb_only             0x08000129   Thumb Code     0  __scatter.o(!!!scatter)
    __scatterload_null                       0x08000137   Thumb Code     0  __scatter.o(!!!scatter)
    __scatterload_copy                       0x0800015d   Thumb Code    26  __scatter_copy.o(!!handler_copy)
    __scatterload_zeroinit                   0x08000179   Thumb Code    28  __scatter_zi.o(!!handler_zi)
    _printf_g                                0x08000195   Thumb Code     0  _printf_g.o(.ARM.Collect$$_printf_percent$$00000005)
    _printf_percent                          0x08000195   Thumb Code     0  _printf_percent.o(.ARM.Collect$$_printf_percent$$00000000)
    _printf_d                                0x0800019b   Thumb Code     0  _printf_d.o(.ARM.Collect$$_printf_percent$$00000009)
    _printf_percent_end                      0x080001a1   Thumb Code     0  _printf_percent_end.o(.ARM.Collect$$_printf_percent$$00000017)
    __rt_lib_init                            0x080001a5   Thumb Code     0  libinit.o(.ARM.Collect$$libinit$$00000000)
    __rt_lib_init_fp_1                       0x080001a7   Thumb Code     0  libinit2.o(.ARM.Collect$$libinit$$00000002)
    __rt_lib_init_heap_1                     0x080001a7   Thumb Code     0  libinit2.o(.ARM.Collect$$libinit$$0000000A)
    __rt_lib_init_lc_common                  0x080001a7   Thumb Code     0  libinit2.o(.ARM.Collect$$libinit$$0000000F)
    __rt_lib_init_preinit_1                  0x080001a7   Thumb Code     0  libinit2.o(.ARM.Collect$$libinit$$00000004)
    __rt_lib_init_rand_1                     0x080001a7   Thumb Code     0  libinit2.o(.ARM.Collect$$libinit$$0000000E)
    __rt_lib_init_user_alloc_1               0x080001a7   Thumb Code     0  libinit2.o(.ARM.Collect$$libinit$$0000000C)
    __rt_lib_init_lc_collate_1               0x080001ad   Thumb Code     0  libinit2.o(.ARM.Collect$$libinit$$00000011)
    __rt_lib_init_lc_ctype_1                 0x080001ad   Thumb Code     0  libinit2.o(.ARM.Collect$$libinit$$00000013)
    __rt_lib_init_lc_monetary_1              0x080001ad   Thumb Code     0  libinit2.o(.ARM.Collect$$libinit$$00000015)
    __rt_lib_init_lc_numeric_2               0x080001ad   Thumb Code     0  libinit2.o(.ARM.Collect$$libinit$$00000016)
    __rt_lib_init_alloca_1                   0x080001b7   Thumb Code     0  libinit2.o(.ARM.Collect$$libinit$$0000002E)
    __rt_lib_init_argv_1                     0x080001b7   Thumb Code     0  libinit2.o(.ARM.Collect$$libinit$$0000002C)
    __rt_lib_init_atexit_1                   0x080001b7   Thumb Code     0  libinit2.o(.ARM.Collect$$libinit$$0000001B)
    __rt_lib_init_clock_1                    0x080001b7   Thumb Code     0  libinit2.o(.ARM.Collect$$libinit$$00000021)
    __rt_lib_init_cpp_1                      0x080001b7   Thumb Code     0  libinit2.o(.ARM.Collect$$libinit$$00000032)
    __rt_lib_init_exceptions_1               0x080001b7   Thumb Code     0  libinit2.o(.ARM.Collect$$libinit$$00000030)
    __rt_lib_init_fp_trap_1                  0x080001b7   Thumb Code     0  libinit2.o(.ARM.Collect$$libinit$$0000001F)
    __rt_lib_init_getenv_1                   0x080001b7   Thumb Code     0  libinit2.o(.ARM.Collect$$libinit$$00000023)
    __rt_lib_init_lc_numeric_1               0x080001b7   Thumb Code     0  libinit2.o(.ARM.Collect$$libinit$$00000017)
    __rt_lib_init_lc_time_1                  0x080001b7   Thumb Code     0  libinit2.o(.ARM.Collect$$libinit$$00000019)
    __rt_lib_init_return                     0x080001b7   Thumb Code     0  libinit2.o(.ARM.Collect$$libinit$$00000033)
    __rt_lib_init_signal_1                   0x080001b7   Thumb Code     0  libinit2.o(.ARM.Collect$$libinit$$0000001D)
    __rt_lib_init_stdio_1                    0x080001b7   Thumb Code     0  libinit2.o(.ARM.Collect$$libinit$$00000025)
    __rt_lib_shutdown                        0x080001b9   Thumb Code     0  libshutdown.o(.ARM.Collect$$libshutdown$$00000000)
    __rt_lib_shutdown_cpp_1                  0x080001bb   Thumb Code     0  libshutdown2.o(.ARM.Collect$$libshutdown$$00000002)
    __rt_lib_shutdown_fp_trap_1              0x080001bb   Thumb Code     0  libshutdown2.o(.ARM.Collect$$libshutdown$$00000007)
    __rt_lib_shutdown_heap_1                 0x080001bb   Thumb Code     0  libshutdown2.o(.ARM.Collect$$libshutdown$$0000000F)
    __rt_lib_shutdown_return                 0x080001bb   Thumb Code     0  libshutdown2.o(.ARM.Collect$$libshutdown$$00000010)
    __rt_lib_shutdown_signal_1               0x080001bb   Thumb Code     0  libshutdown2.o(.ARM.Collect$$libshutdown$$0000000A)
    __rt_lib_shutdown_stdio_1                0x080001bb   Thumb Code     0  libshutdown2.o(.ARM.Collect$$libshutdown$$00000004)
    __rt_lib_shutdown_user_alloc_1           0x080001bb   Thumb Code     0  libshutdown2.o(.ARM.Collect$$libshutdown$$0000000C)
    __rt_entry                               0x080001bd   Thumb Code     0  __rtentry.o(.ARM.Collect$$rtentry$$00000000)
    __rt_entry_presh_1                       0x080001bd   Thumb Code     0  __rtentry2.o(.ARM.Collect$$rtentry$$00000002)
    __rt_entry_sh                            0x080001bd   Thumb Code     0  __rtentry4.o(.ARM.Collect$$rtentry$$00000004)
    __rt_entry_li                            0x080001c3   Thumb Code     0  __rtentry2.o(.ARM.Collect$$rtentry$$0000000A)
    __rt_entry_postsh_1                      0x080001c3   Thumb Code     0  __rtentry2.o(.ARM.Collect$$rtentry$$00000009)
    __rt_entry_main                          0x080001c7   Thumb Code     0  __rtentry2.o(.ARM.Collect$$rtentry$$0000000D)
    __rt_entry_postli_1                      0x080001c7   Thumb Code     0  __rtentry2.o(.ARM.Collect$$rtentry$$0000000C)
    __rt_exit                                0x080001cf   Thumb Code     0  rtexit.o(.ARM.Collect$$rtexit$$00000000)
    __rt_exit_ls                             0x080001d1   Thumb Code     0  rtexit2.o(.ARM.Collect$$rtexit$$00000003)
    __rt_exit_prels_1                        0x080001d1   Thumb Code     0  rtexit2.o(.ARM.Collect$$rtexit$$00000002)
    __rt_exit_exit                           0x080001d5   Thumb Code     0  rtexit2.o(.ARM.Collect$$rtexit$$00000004)
    Reset_Handler                            0x080001dd   Thumb Code     8  startup_stm32f10x_md_vl.o(.text)
    ADC1_IRQHandler                          0x080001f7   Thumb Code     0  startup_stm32f10x_md_vl.o(.text)
    CEC_IRQHandler                           0x080001f7   Thumb Code     0  startup_stm32f10x_md_vl.o(.text)
    DMA1_Channel1_IRQHandler                 0x080001f7   Thumb Code     0  startup_stm32f10x_md_vl.o(.text)
    DMA1_Channel2_IRQHandler                 0x080001f7   Thumb Code     0  startup_stm32f10x_md_vl.o(.text)
    DMA1_Channel3_IRQHandler                 0x080001f7   Thumb Code     0  startup_stm32f10x_md_vl.o(.text)
    DMA1_Channel4_IRQHandler                 0x080001f7   Thumb Code     0  startup_stm32f10x_md_vl.o(.text)
    DMA1_Channel5_IRQHandler                 0x080001f7   Thumb Code     0  startup_stm32f10x_md_vl.o(.text)
    DMA1_Channel6_IRQHandler                 0x080001f7   Thumb Code     0  startup_stm32f10x_md_vl.o(.text)
    DMA1_Channel7_IRQHandler                 0x080001f7   Thumb Code     0  startup_stm32f10x_md_vl.o(.text)
    EXTI0_IRQHandler                         0x080001f7   Thumb Code     0  startup_stm32f10x_md_vl.o(.text)
    EXTI15_10_IRQHandler                     0x080001f7   Thumb Code     0  startup_stm32f10x_md_vl.o(.text)
    EXTI1_IRQHandler                         0x080001f7   Thumb Code     0  startup_stm32f10x_md_vl.o(.text)
    EXTI2_IRQHandler                         0x080001f7   Thumb Code     0  startup_stm32f10x_md_vl.o(.text)
    EXTI3_IRQHandler                         0x080001f7   Thumb Code     0  startup_stm32f10x_md_vl.o(.text)
    EXTI4_IRQHandler                         0x080001f7   Thumb Code     0  startup_stm32f10x_md_vl.o(.text)
    EXTI9_5_IRQHandler                       0x080001f7   Thumb Code     0  startup_stm32f10x_md_vl.o(.text)
    FLASH_IRQHandler                         0x080001f7   Thumb Code     0  startup_stm32f10x_md_vl.o(.text)
    I2C1_ER_IRQHandler                       0x080001f7   Thumb Code     0  startup_stm32f10x_md_vl.o(.text)
    I2C1_EV_IRQHandler                       0x080001f7   Thumb Code     0  startup_stm32f10x_md_vl.o(.text)
    I2C2_ER_IRQHandler                       0x080001f7   Thumb Code     0  startup_stm32f10x_md_vl.o(.text)
    I2C2_EV_IRQHandler                       0x080001f7   Thumb Code     0  startup_stm32f10x_md_vl.o(.text)
    PVD_IRQHandler                           0x080001f7   Thumb Code     0  startup_stm32f10x_md_vl.o(.text)
    RCC_IRQHandler                           0x080001f7   Thumb Code     0  startup_stm32f10x_md_vl.o(.text)
    RTCAlarm_IRQHandler                      0x080001f7   Thumb Code     0  startup_stm32f10x_md_vl.o(.text)
    RTC_IRQHandler                           0x080001f7   Thumb Code     0  startup_stm32f10x_md_vl.o(.text)
    SPI1_IRQHandler                          0x080001f7   Thumb Code     0  startup_stm32f10x_md_vl.o(.text)
    SPI2_IRQHandler                          0x080001f7   Thumb Code     0  startup_stm32f10x_md_vl.o(.text)
    TAMPER_IRQHandler                        0x080001f7   Thumb Code     0  startup_stm32f10x_md_vl.o(.text)
    TIM1_BRK_TIM15_IRQHandler                0x080001f7   Thumb Code     0  startup_stm32f10x_md_vl.o(.text)
    TIM1_CC_IRQHandler                       0x080001f7   Thumb Code     0  startup_stm32f10x_md_vl.o(.text)
    TIM1_TRG_COM_TIM17_IRQHandler            0x080001f7   Thumb Code     0  startup_stm32f10x_md_vl.o(.text)
    TIM1_UP_TIM16_IRQHandler                 0x080001f7   Thumb Code     0  startup_stm32f10x_md_vl.o(.text)
    TIM2_IRQHandler                          0x080001f7   Thumb Code     0  startup_stm32f10x_md_vl.o(.text)
    TIM3_IRQHandler                          0x080001f7   Thumb Code     0  startup_stm32f10x_md_vl.o(.text)
    TIM4_IRQHandler                          0x080001f7   Thumb Code     0  startup_stm32f10x_md_vl.o(.text)
    TIM6_DAC_IRQHandler                      0x080001f7   Thumb Code     0  startup_stm32f10x_md_vl.o(.text)
    TIM7_IRQHandler                          0x080001f7   Thumb Code     0  startup_stm32f10x_md_vl.o(.text)
    USART1_IRQHandler                        0x080001f7   Thumb Code     0  startup_stm32f10x_md_vl.o(.text)
    USART2_IRQHandler                        0x080001f7   Thumb Code     0  startup_stm32f10x_md_vl.o(.text)
    USART3_IRQHandler                        0x080001f7   Thumb Code     0  startup_stm32f10x_md_vl.o(.text)
    WWDG_IRQHandler                          0x080001f7   Thumb Code     0  startup_stm32f10x_md_vl.o(.text)
    __user_initial_stackheap                 0x080001f9   Thumb Code     0  startup_stm32f10x_md_vl.o(.text)
    __2sprintf                               0x0800021d   Thumb Code    34  noretval__2sprintf.o(.text)
    __printf                                 0x08000245   Thumb Code   104  __printf.o(.text)
    _printf_int_dec                          0x080002ad   Thumb Code   104  _printf_dec.o(.text)
    __use_two_region_memory                  0x08000325   Thumb Code     2  heapauxi.o(.text)
    __rt_heap_escrow$2region                 0x08000327   Thumb Code     2  heapauxi.o(.text)
    __rt_heap_expand$2region                 0x08000329   Thumb Code     2  heapauxi.o(.text)
    _printf_int_common                       0x0800032b   Thumb Code   178  _printf_intcommon.o(.text)
    __lib_sel_fp_printf                      0x080003dd   Thumb Code     2  _printf_fp_dec.o(.text)
    _printf_fp_dec_real                      0x0800058b   Thumb Code   620  _printf_fp_dec.o(.text)
    _printf_char_common                      0x08000803   Thumb Code    32  _printf_char_common.o(.text)
    _sputc                                   0x08000829   Thumb Code    10  _sputc.o(.text)
    __rt_locale                              0x08000835   Thumb Code     8  rt_locale_intlibspace.o(.text)
    _ll_udiv10                               0x0800083d   Thumb Code   138  lludiv10.o(.text)
    _printf_fp_infnan                        0x080008c9   Thumb Code   112  _printf_fp_infnan.o(.text)
    _btod_etento                             0x08000949   Thumb Code   216  bigflt0.o(.text)
    __user_libspace                          0x08000a25   Thumb Code     8  libspace.o(.text)
    __user_perproc_libspace                  0x08000a25   Thumb Code     0  libspace.o(.text)
    __user_perthread_libspace                0x08000a25   Thumb Code     0  libspace.o(.text)
    __user_setup_stackheap                   0x08000a2d   Thumb Code    74  sys_stackheap_outer.o(.text)
    exit                                     0x08000a77   Thumb Code    18  exit.o(.text)
    strcmp                                   0x08000a89   Thumb Code   128  strcmpv7m.o(.text)
    _sys_exit                                0x08000b09   Thumb Code     8  sys_exit.o(.text)
    __I$use$semihosting                      0x08000b15   Thumb Code     0  use_no_semi.o(.text)
    __use_no_semihosting_swi                 0x08000b15   Thumb Code     2  use_no_semi.o(.text)
    __semihosting_library_function           0x08000b17   Thumb Code     0  indicate_semi.o(.text)
    _btod_d2e                                0x08000b17   Thumb Code    62  btod.o(CL$$btod_d2e)
    _d2e_denorm_low                          0x08000b55   Thumb Code    70  btod.o(CL$$btod_d2e_denorm_low)
    _d2e_norm_op1                            0x08000b9b   Thumb Code    96  btod.o(CL$$btod_d2e_norm_op1)
    __btod_div_common                        0x08000bfb   Thumb Code   696  btod.o(CL$$btod_div_common)
    _e2e                                     0x08000f33   Thumb Code   198  btod.o(CL$$btod_e2e)
    _btod_ediv                               0x08000ff9   Thumb Code    40  btod.o(CL$$btod_ediv)
    _btod_emul                               0x08001021   Thumb Code    40  btod.o(CL$$btod_emul)
    __btod_mult_common                       0x08001049   Thumb Code   580  btod.o(CL$$btod_mult_common)
    ADC_Cmd                                  0x0800128d   Thumb Code    22  stm32f10x_adc.o(i.ADC_Cmd)
    ADC_Configuration                        0x080012a5   Thumb Code   142  main.o(i.ADC_Configuration)
    ADC_GetCalibrationStatus                 0x08001345   Thumb Code    20  stm32f10x_adc.o(i.ADC_GetCalibrationStatus)
    ADC_GetConversionValue                   0x08001359   Thumb Code     8  stm32f10x_adc.o(i.ADC_GetConversionValue)
    ADC_GetResetCalibrationStatus            0x08001361   Thumb Code    20  stm32f10x_adc.o(i.ADC_GetResetCalibrationStatus)
    ADC_Init                                 0x08001375   Thumb Code    70  stm32f10x_adc.o(i.ADC_Init)
    ADC_RegularChannelConfig                 0x080013c5   Thumb Code   184  stm32f10x_adc.o(i.ADC_RegularChannelConfig)
    ADC_ResetCalibration                     0x0800147d   Thumb Code    10  stm32f10x_adc.o(i.ADC_ResetCalibration)
    ADC_SoftwareStartConvCmd                 0x08001487   Thumb Code    22  stm32f10x_adc.o(i.ADC_SoftwareStartConvCmd)
    ADC_StartCalibration                     0x0800149d   Thumb Code    10  stm32f10x_adc.o(i.ADC_StartCalibration)
    ADC_TempSensorVrefintCmd                 0x080014a9   Thumb Code    30  stm32f10x_adc.o(i.ADC_TempSensorVrefintCmd)
    BusFault_Handler                         0x080014cd   Thumb Code     4  stm32f10x_it.o(i.BusFault_Handler)
    Config_Timer                             0x080014d1   Thumb Code    48  mcu-delay.o(i.Config_Timer)
    DebugMon_Handler                         0x08001501   Thumb Code     2  stm32f10x_it.o(i.DebugMon_Handler)
    Delay_1ms                                0x08001503   Thumb Code    54  mcu-delay.o(i.Delay_1ms)
    Delay_1us                                0x08001539   Thumb Code    50  mcu-delay.o(i.Delay_1us)
    Delay_ms                                 0x0800156b   Thumb Code    20  mcu-delay.o(i.Delay_ms)
    Delay_us                                 0x0800157f   Thumb Code    20  mcu-delay.o(i.Delay_us)
    GPIO_Configuration                       0x08001595   Thumb Code    32  main.o(i.GPIO_Configuration)
    GPIO_Init                                0x080015bd   Thumb Code   278  stm32f10x_gpio.o(i.GPIO_Init)
    GPIO_PinRemapConfig                      0x080016d5   Thumb Code   138  stm32f10x_gpio.o(i.GPIO_PinRemapConfig)
    GPIO_ResetBits                           0x08001765   Thumb Code     4  stm32f10x_gpio.o(i.GPIO_ResetBits)
    GPIO_SetBits                             0x08001769   Thumb Code     4  stm32f10x_gpio.o(i.GPIO_SetBits)
    HardFault_Handler                        0x0800176d   Thumb Code     4  stm32f10x_it.o(i.HardFault_Handler)
    I2C_AcknowledgeConfig                    0x08001771   Thumb Code    24  stm32f10x_i2c.o(i.I2C_AcknowledgeConfig)
    I2C_CheckEvent                           0x08001789   Thumb Code    42  stm32f10x_i2c.o(i.I2C_CheckEvent)
    I2C_Cmd                                  0x080017b3   Thumb Code    24  stm32f10x_i2c.o(i.I2C_Cmd)
    I2C_GenerateSTART                        0x080017cb   Thumb Code    24  stm32f10x_i2c.o(i.I2C_GenerateSTART)
    I2C_GenerateSTOP                         0x080017e3   Thumb Code    24  stm32f10x_i2c.o(i.I2C_GenerateSTOP)
    I2C_GetFlagStatus                        0x080017fb   Thumb Code    58  stm32f10x_i2c.o(i.I2C_GetFlagStatus)
    I2C_Init                                 0x08001835   Thumb Code   222  stm32f10x_i2c.o(i.I2C_Init)
    I2C_NACKPositionConfig                   0x08001921   Thumb Code    28  stm32f10x_i2c.o(i.I2C_NACKPositionConfig)
    I2C_ReceiveData                          0x0800193d   Thumb Code     8  stm32f10x_i2c.o(i.I2C_ReceiveData)
    I2C_Send7bitAddress                      0x08001945   Thumb Code    18  stm32f10x_i2c.o(i.I2C_Send7bitAddress)
    I2C_SendData                             0x08001957   Thumb Code     4  stm32f10x_i2c.o(i.I2C_SendData)
    I2Cx_Init                                0x0800195d   Thumb Code   180  mcu-i2c.o(i.I2Cx_Init)
    I2Cx_LCD_BackLight                       0x08001a19   Thumb Code    26  mcu-i2c-lcd.o(i.I2Cx_LCD_BackLight)
    I2Cx_LCD_Clear                           0x08001a39   Thumb Code    10  mcu-i2c-lcd.o(i.I2Cx_LCD_Clear)
    I2Cx_LCD_Init                            0x08001a81   Thumb Code   118  mcu-i2c-lcd.o(i.I2Cx_LCD_Init)
    I2Cx_LCD_Line2                           0x08001afd   Thumb Code    10  mcu-i2c-lcd.o(i.I2Cx_LCD_Line2)
    I2Cx_LCD_Line3                           0x08001b07   Thumb Code    10  mcu-i2c-lcd.o(i.I2Cx_LCD_Line3)
    I2Cx_LCD_Puts                            0x08001b11   Thumb Code    28  mcu-i2c-lcd.o(i.I2Cx_LCD_Puts)
    I2Cx_Pinout                              0x08001bcd   Thumb Code    74  mcu-i2c.o(i.I2Cx_Pinout)
    I2Cx_Read                                0x08001c21   Thumb Code    22  mcu-i2c.o(i.I2Cx_Read)
    I2Cx_Write                               0x08001c3d   Thumb Code    22  mcu-i2c.o(i.I2Cx_Write)
    LCD_WaitBusy                             0x08001c59   Thumb Code   104  mcu-i2c-lcd.o(i.LCD_WaitBusy)
    LCDx_Write_Chr                           0x08001cc5   Thumb Code    42  mcu-i2c-lcd.o(i.LCDx_Write_Chr)
    MemManage_Handler                        0x08001cf5   Thumb Code     4  stm32f10x_it.o(i.MemManage_Handler)
    NMI_Handler                              0x08001cf9   Thumb Code     2  stm32f10x_it.o(i.NMI_Handler)
    PendSV_Handler                           0x08001cfb   Thumb Code     2  stm32f10x_it.o(i.PendSV_Handler)
    RCC_APB1PeriphClockCmd                   0x08001cfd   Thumb Code    26  stm32f10x_rcc.o(i.RCC_APB1PeriphClockCmd)
    RCC_APB1PeriphResetCmd                   0x08001d1d   Thumb Code    26  stm32f10x_rcc.o(i.RCC_APB1PeriphResetCmd)
    RCC_APB2PeriphClockCmd                   0x08001d3d   Thumb Code    26  stm32f10x_rcc.o(i.RCC_APB2PeriphClockCmd)
    RCC_GetClocksFreq                        0x08001d5d   Thumb Code   192  stm32f10x_rcc.o(i.RCC_GetClocksFreq)
    SVC_Handler                              0x08001e31   Thumb Code     2  stm32f10x_it.o(i.SVC_Handler)
    SysTick_Handler                          0x08001f1d   Thumb Code     2  stm32f10x_it.o(i.SysTick_Handler)
    SystemInit                               0x08001f21   Thumb Code    78  system_stm32f10x.o(i.SystemInit)
    TIM_Cmd                                  0x08001f81   Thumb Code    24  stm32f10x_tim.o(i.TIM_Cmd)
    TIM_GetCounter                           0x08001f99   Thumb Code     6  stm32f10x_tim.o(i.TIM_GetCounter)
    TIM_SetCounter                           0x08001f9f   Thumb Code     4  stm32f10x_tim.o(i.TIM_SetCounter)
    TIM_TimeBaseInit                         0x08001fa5   Thumb Code   122  stm32f10x_tim.o(i.TIM_TimeBaseInit)
    UART_Configuration                       0x08002049   Thumb Code    96  main.o(i.UART_Configuration)
    USART_Cmd                                0x080020b9   Thumb Code    24  stm32f10x_usart.o(i.USART_Cmd)
    USART_GetFlagStatus                      0x080020d1   Thumb Code    26  stm32f10x_usart.o(i.USART_GetFlagStatus)
    USART_Init                               0x080020ed   Thumb Code   210  stm32f10x_usart.o(i.USART_Init)
    USART_SendChar                           0x080021c5   Thumb Code    28  main.o(i.USART_SendChar)
    USART_SendData                           0x080021e5   Thumb Code     8  stm32f10x_usart.o(i.USART_SendData)
    USART_SendString                         0x080021ed   Thumb Code    22  main.o(i.USART_SendString)
    UsageFault_Handler                       0x08002203   Thumb Code     4  stm32f10x_it.o(i.UsageFault_Handler)
    __ARM_fpclassify                         0x08002207   Thumb Code    40  fpclassify.o(i.__ARM_fpclassify)
    lib_I2Cx_Read                            0x08002231   Thumb Code   512  mcu-i2c.o(i.lib_I2Cx_Read)
    lib_I2Cx_Write                           0x08002439   Thumb Code   266  mcu-i2c.o(i.lib_I2Cx_Write)
    main                                     0x08002555   Thumb Code   440  main.o(i.main)
    _get_lc_numeric                          0x080027a1   Thumb Code    44  lc_numeric_c.o(locale$$code)
    __aeabi_d2f                              0x080027cd   Thumb Code     0  d2f.o(x$fpl$d2f)
    _d2f                                     0x080027cd   Thumb Code    98  d2f.o(x$fpl$d2f)
    __aeabi_dadd                             0x08002831   Thumb Code     0  daddsub_clz.o(x$fpl$dadd)
    _dadd                                    0x08002831   Thumb Code   332  daddsub_clz.o(x$fpl$dadd)
    __aeabi_ui2d                             0x08002981   Thumb Code     0  dflt_clz.o(x$fpl$dfltu)
    _dfltu                                   0x08002981   Thumb Code    38  dflt_clz.o(x$fpl$dfltu)
    __aeabi_dmul                             0x080029a9   Thumb Code     0  dmul.o(x$fpl$dmul)
    _dmul                                    0x080029a9   Thumb Code   332  dmul.o(x$fpl$dmul)
    __fpl_dnaninf                            0x08002afd   Thumb Code   156  dnaninf.o(x$fpl$dnaninf)
    __fpl_dretinf                            0x08002b99   Thumb Code    12  dretinf.o(x$fpl$dretinf)
    __aeabi_dsub                             0x08002ba5   Thumb Code     0  daddsub_clz.o(x$fpl$dsub)
    _dsub                                    0x08002ba5   Thumb Code   464  daddsub_clz.o(x$fpl$dsub)
    __aeabi_f2d                              0x08002d79   Thumb Code     0  f2d.o(x$fpl$f2d)
    _f2d                                     0x08002d79   Thumb Code    86  f2d.o(x$fpl$f2d)
    __fpl_fcmp_Inf                           0x08002dcf   Thumb Code    24  fcmpi.o(x$fpl$fcmpinf)
    __aeabi_cfcmple                          0x08002de9   Thumb Code     0  fleqf.o(x$fpl$fleqf)
    _fcmple                                  0x08002de9   Thumb Code   104  fleqf.o(x$fpl$fleqf)
    __fpl_fcmple_InfNaN                      0x08002e3b   Thumb Code     0  fleqf.o(x$fpl$fleqf)
    __fpl_fnaninf                            0x08002e51   Thumb Code   140  fnaninf.o(x$fpl$fnaninf)
    __fpl_fretinf                            0x08002edd   Thumb Code    10  fretinf.o(x$fpl$fretinf)
    _printf_fp_dec                           0x08002ee7   Thumb Code     4  printf1.o(x$fpl$printf1)
    __I$use$fp                               0x08002eea   Number         0  usenofp.o(x$fpl$usenofp)
    Region$$Table$$Base                      0x08002f80   Number         0  anon$$obj.o(Region$$Table)
    Region$$Table$$Limit                     0x08002fa0   Number         0  anon$$obj.o(Region$$Table)
    __stdout                                 0x20000014   Data           4  main.o(.data)
    GPIO_InitStructure                       0x20000018   Data           4  main.o(.data)
    adc_ch0                                  0x2000001c   Data           4  main.o(.data)
    calcVoltage                              0x20000020   Data           4  main.o(.data)
    dustDensity                              0x20000024   Data           4  main.o(.data)
    test                                     0x20000028   Data           1  main.o(.data)
    sum_adc1                                 0x2000002c   Data           4  main.o(.data)
    adc_tb                                   0x20000030   Data           4  main.o(.data)
    b                                        0x20000034   Data           4  main.o(.data)
    GPIO_I2C_InitStruct                      0x20000038   Data           4  mcu-i2c.o(.data)
    UART_InitStructure                       0x20000048   Data          16  main.o(.bss)
    ADC_InitStructure                        0x20000058   Data          20  main.o(.bss)
    Value_ADC                                0x2000006c   Data          10  main.o(.bss)
    Value_Sensor                             0x20000076   Data          10  main.o(.bss)
    Voltage                                  0x20000080   Data          10  main.o(.bss)
    __libspace_start                         0x2000008c   Data          96  libspace.o(.bss)
    __temporary_stack_top$libspace           0x200000ec   Data           0  libspace.o(.bss)



==============================================================================

Memory Map of the image

  Image Entry point : 0x080001dd

  Load Region LR_1 (Base: 0x08000000, Size: 0x00003004, Max: 0xffffffff, ABSOLUTE)

    Execution Region ER_RO (Exec base: 0x08000000, Load base: 0x08000000, Size: 0x00002fbc, Max: 0xffffffff, ABSOLUTE)

    Exec Addr    Load Addr    Size         Type   Attr      Idx    E Section Name        Object

    0x08000000   0x08000000   0x00000120   Data   RO           19    RESET               startup_stm32f10x_md_vl.o
    0x08000120   0x08000120   0x00000008   Code   RO         2029  * !!!main             c_w.l(__main.o)
    0x08000128   0x08000128   0x00000034   Code   RO         2273    !!!scatter          c_w.l(__scatter.o)
    0x0800015c   0x0800015c   0x0000001a   Code   RO         2275    !!handler_copy      c_w.l(__scatter_copy.o)
    0x08000176   0x08000176   0x00000002   PAD
    0x08000178   0x08000178   0x0000001c   Code   RO         2277    !!handler_zi        c_w.l(__scatter_zi.o)
    0x08000194   0x08000194   0x00000000   Code   RO         2026    .ARM.Collect$$_printf_percent$$00000000  c_w.l(_printf_percent.o)
    0x08000194   0x08000194   0x00000006   Code   RO         2025    .ARM.Collect$$_printf_percent$$00000005  c_w.l(_printf_g.o)
    0x0800019a   0x0800019a   0x00000006   Code   RO         2024    .ARM.Collect$$_printf_percent$$00000009  c_w.l(_printf_d.o)
    0x080001a0   0x080001a0   0x00000004   Code   RO         2062    .ARM.Collect$$_printf_percent$$00000017  c_w.l(_printf_percent_end.o)
    0x080001a4   0x080001a4   0x00000002   Code   RO         2146    .ARM.Collect$$libinit$$00000000  c_w.l(libinit.o)
    0x080001a6   0x080001a6   0x00000000   Code   RO         2148    .ARM.Collect$$libinit$$00000002  c_w.l(libinit2.o)
    0x080001a6   0x080001a6   0x00000000   Code   RO         2150    .ARM.Collect$$libinit$$00000004  c_w.l(libinit2.o)
    0x080001a6   0x080001a6   0x00000000   Code   RO         2153    .ARM.Collect$$libinit$$0000000A  c_w.l(libinit2.o)
    0x080001a6   0x080001a6   0x00000000   Code   RO         2155    .ARM.Collect$$libinit$$0000000C  c_w.l(libinit2.o)
    0x080001a6   0x080001a6   0x00000000   Code   RO         2157    .ARM.Collect$$libinit$$0000000E  c_w.l(libinit2.o)
    0x080001a6   0x080001a6   0x00000006   Code   RO         2158    .ARM.Collect$$libinit$$0000000F  c_w.l(libinit2.o)
    0x080001ac   0x080001ac   0x00000000   Code   RO         2160    .ARM.Collect$$libinit$$00000011  c_w.l(libinit2.o)
    0x080001ac   0x080001ac   0x00000000   Code   RO         2162    .ARM.Collect$$libinit$$00000013  c_w.l(libinit2.o)
    0x080001ac   0x080001ac   0x00000000   Code   RO         2164    .ARM.Collect$$libinit$$00000015  c_w.l(libinit2.o)
    0x080001ac   0x080001ac   0x0000000a   Code   RO         2165    .ARM.Collect$$libinit$$00000016  c_w.l(libinit2.o)
    0x080001b6   0x080001b6   0x00000000   Code   RO         2166    .ARM.Collect$$libinit$$00000017  c_w.l(libinit2.o)
    0x080001b6   0x080001b6   0x00000000   Code   RO         2168    .ARM.Collect$$libinit$$00000019  c_w.l(libinit2.o)
    0x080001b6   0x080001b6   0x00000000   Code   RO         2170    .ARM.Collect$$libinit$$0000001B  c_w.l(libinit2.o)
    0x080001b6   0x080001b6   0x00000000   Code   RO         2172    .ARM.Collect$$libinit$$0000001D  c_w.l(libinit2.o)
    0x080001b6   0x080001b6   0x00000000   Code   RO         2174    .ARM.Collect$$libinit$$0000001F  c_w.l(libinit2.o)
    0x080001b6   0x080001b6   0x00000000   Code   RO         2176    .ARM.Collect$$libinit$$00000021  c_w.l(libinit2.o)
    0x080001b6   0x080001b6   0x00000000   Code   RO         2178    .ARM.Collect$$libinit$$00000023  c_w.l(libinit2.o)
    0x080001b6   0x080001b6   0x00000000   Code   RO         2180    .ARM.Collect$$libinit$$00000025  c_w.l(libinit2.o)
    0x080001b6   0x080001b6   0x00000000   Code   RO         2184    .ARM.Collect$$libinit$$0000002C  c_w.l(libinit2.o)
    0x080001b6   0x080001b6   0x00000000   Code   RO         2186    .ARM.Collect$$libinit$$0000002E  c_w.l(libinit2.o)
    0x080001b6   0x080001b6   0x00000000   Code   RO         2188    .ARM.Collect$$libinit$$00000030  c_w.l(libinit2.o)
    0x080001b6   0x080001b6   0x00000000   Code   RO         2190    .ARM.Collect$$libinit$$00000032  c_w.l(libinit2.o)
    0x080001b6   0x080001b6   0x00000002   Code   RO         2191    .ARM.Collect$$libinit$$00000033  c_w.l(libinit2.o)
    0x080001b8   0x080001b8   0x00000002   Code   RO         2221    .ARM.Collect$$libshutdown$$00000000  c_w.l(libshutdown.o)
    0x080001ba   0x080001ba   0x00000000   Code   RO         2232    .ARM.Collect$$libshutdown$$00000002  c_w.l(libshutdown2.o)
    0x080001ba   0x080001ba   0x00000000   Code   RO         2234    .ARM.Collect$$libshutdown$$00000004  c_w.l(libshutdown2.o)
    0x080001ba   0x080001ba   0x00000000   Code   RO         2237    .ARM.Collect$$libshutdown$$00000007  c_w.l(libshutdown2.o)
    0x080001ba   0x080001ba   0x00000000   Code   RO         2240    .ARM.Collect$$libshutdown$$0000000A  c_w.l(libshutdown2.o)
    0x080001ba   0x080001ba   0x00000000   Code   RO         2242    .ARM.Collect$$libshutdown$$0000000C  c_w.l(libshutdown2.o)
    0x080001ba   0x080001ba   0x00000000   Code   RO         2245    .ARM.Collect$$libshutdown$$0000000F  c_w.l(libshutdown2.o)
    0x080001ba   0x080001ba   0x00000002   Code   RO         2246    .ARM.Collect$$libshutdown$$00000010  c_w.l(libshutdown2.o)
    0x080001bc   0x080001bc   0x00000000   Code   RO         2053    .ARM.Collect$$rtentry$$00000000  c_w.l(__rtentry.o)
    0x080001bc   0x080001bc   0x00000000   Code   RO         2075    .ARM.Collect$$rtentry$$00000002  c_w.l(__rtentry2.o)
    0x080001bc   0x080001bc   0x00000006   Code   RO         2087    .ARM.Collect$$rtentry$$00000004  c_w.l(__rtentry4.o)
    0x080001c2   0x080001c2   0x00000000   Code   RO         2077    .ARM.Collect$$rtentry$$00000009  c_w.l(__rtentry2.o)
    0x080001c2   0x080001c2   0x00000004   Code   RO         2078    .ARM.Collect$$rtentry$$0000000A  c_w.l(__rtentry2.o)
    0x080001c6   0x080001c6   0x00000000   Code   RO         2080    .ARM.Collect$$rtentry$$0000000C  c_w.l(__rtentry2.o)
    0x080001c6   0x080001c6   0x00000008   Code   RO         2081    .ARM.Collect$$rtentry$$0000000D  c_w.l(__rtentry2.o)
    0x080001ce   0x080001ce   0x00000002   Code   RO         2192    .ARM.Collect$$rtexit$$00000000  c_w.l(rtexit.o)
    0x080001d0   0x080001d0   0x00000000   Code   RO         2199    .ARM.Collect$$rtexit$$00000002  c_w.l(rtexit2.o)
    0x080001d0   0x080001d0   0x00000004   Code   RO         2200    .ARM.Collect$$rtexit$$00000003  c_w.l(rtexit2.o)
    0x080001d4   0x080001d4   0x00000006   Code   RO         2201    .ARM.Collect$$rtexit$$00000004  c_w.l(rtexit2.o)
    0x080001da   0x080001da   0x00000002   PAD
    0x080001dc   0x080001dc   0x00000040   Code   RO           20  * .text               startup_stm32f10x_md_vl.o
    0x0800021c   0x0800021c   0x00000028   Code   RO         1998    .text               c_w.l(noretval__2sprintf.o)
    0x08000244   0x08000244   0x00000068   Code   RO         2000    .text               c_w.l(__printf.o)
    0x080002ac   0x080002ac   0x00000078   Code   RO         2002    .text               c_w.l(_printf_dec.o)
    0x08000324   0x08000324   0x00000006   Code   RO         2027    .text               c_w.l(heapauxi.o)
    0x0800032a   0x0800032a   0x000000b2   Code   RO         2054    .text               c_w.l(_printf_intcommon.o)
    0x080003dc   0x080003dc   0x0000041a   Code   RO         2056    .text               c_w.l(_printf_fp_dec.o)
    0x080007f6   0x080007f6   0x00000002   PAD
    0x080007f8   0x080007f8   0x00000030   Code   RO         2058    .text               c_w.l(_printf_char_common.o)
    0x08000828   0x08000828   0x0000000a   Code   RO         2060    .text               c_w.l(_sputc.o)
    0x08000832   0x08000832   0x00000002   PAD
    0x08000834   0x08000834   0x00000008   Code   RO         2092    .text               c_w.l(rt_locale_intlibspace.o)
    0x0800083c   0x0800083c   0x0000008a   Code   RO         2094    .text               c_w.l(lludiv10.o)
    0x080008c6   0x080008c6   0x00000002   PAD
    0x080008c8   0x080008c8   0x00000080   Code   RO         2096    .text               c_w.l(_printf_fp_infnan.o)
    0x08000948   0x08000948   0x000000dc   Code   RO         2100    .text               c_w.l(bigflt0.o)
    0x08000a24   0x08000a24   0x00000008   Code   RO         2132    .text               c_w.l(libspace.o)
    0x08000a2c   0x08000a2c   0x0000004a   Code   RO         2135    .text               c_w.l(sys_stackheap_outer.o)
    0x08000a76   0x08000a76   0x00000012   Code   RO         2137    .text               c_w.l(exit.o)
    0x08000a88   0x08000a88   0x00000080   Code   RO         2139    .text               c_w.l(strcmpv7m.o)
    0x08000b08   0x08000b08   0x0000000c   Code   RO         2211    .text               c_w.l(sys_exit.o)
    0x08000b14   0x08000b14   0x00000002   Code   RO         2222    .text               c_w.l(use_no_semi.o)
    0x08000b16   0x08000b16   0x00000000   Code   RO         2224    .text               c_w.l(indicate_semi.o)
    0x08000b16   0x08000b16   0x0000003e   Code   RO         2103    CL$$btod_d2e        c_w.l(btod.o)
    0x08000b54   0x08000b54   0x00000046   Code   RO         2105    CL$$btod_d2e_denorm_low  c_w.l(btod.o)
    0x08000b9a   0x08000b9a   0x00000060   Code   RO         2104    CL$$btod_d2e_norm_op1  c_w.l(btod.o)
    0x08000bfa   0x08000bfa   0x00000338   Code   RO         2113    CL$$btod_div_common  c_w.l(btod.o)
    0x08000f32   0x08000f32   0x000000c6   Code   RO         2110    CL$$btod_e2e        c_w.l(btod.o)
    0x08000ff8   0x08000ff8   0x00000028   Code   RO         2107    CL$$btod_ediv       c_w.l(btod.o)
    0x08001020   0x08001020   0x00000028   Code   RO         2106    CL$$btod_emul       c_w.l(btod.o)
    0x08001048   0x08001048   0x00000244   Code   RO         2112    CL$$btod_mult_common  c_w.l(btod.o)
    0x0800128c   0x0800128c   0x00000016   Code   RO          697    i.ADC_Cmd           stm32f10x_adc.o
    0x080012a2   0x080012a2   0x00000002   PAD
    0x080012a4   0x080012a4   0x000000a0   Code   RO         1665    i.ADC_Configuration  main.o
    0x08001344   0x08001344   0x00000014   Code   RO          705    i.ADC_GetCalibrationStatus  stm32f10x_adc.o
    0x08001358   0x08001358   0x00000008   Code   RO          706    i.ADC_GetConversionValue  stm32f10x_adc.o
    0x08001360   0x08001360   0x00000014   Code   RO          711    i.ADC_GetResetCalibrationStatus  stm32f10x_adc.o
    0x08001374   0x08001374   0x00000050   Code   RO          715    i.ADC_Init          stm32f10x_adc.o
    0x080013c4   0x080013c4   0x000000b8   Code   RO          719    i.ADC_RegularChannelConfig  stm32f10x_adc.o
    0x0800147c   0x0800147c   0x0000000a   Code   RO          720    i.ADC_ResetCalibration  stm32f10x_adc.o
    0x08001486   0x08001486   0x00000016   Code   RO          722    i.ADC_SoftwareStartConvCmd  stm32f10x_adc.o
    0x0800149c   0x0800149c   0x0000000a   Code   RO          724    i.ADC_StartCalibration  stm32f10x_adc.o
    0x080014a6   0x080014a6   0x00000002   PAD
    0x080014a8   0x080014a8   0x00000024   Code   RO          726    i.ADC_TempSensorVrefintCmd  stm32f10x_adc.o
    0x080014cc   0x080014cc   0x00000004   Code   RO         1733    i.BusFault_Handler  stm32f10x_it.o
    0x080014d0   0x080014d0   0x00000030   Code   RO         1830    i.Config_Timer      mcu-delay.o
    0x08001500   0x08001500   0x00000002   Code   RO         1734    i.DebugMon_Handler  stm32f10x_it.o
    0x08001502   0x08001502   0x00000036   Code   RO         1831    i.Delay_1ms         mcu-delay.o
    0x08001538   0x08001538   0x00000032   Code   RO         1832    i.Delay_1us         mcu-delay.o
    0x0800156a   0x0800156a   0x00000014   Code   RO         1833    i.Delay_ms          mcu-delay.o
    0x0800157e   0x0800157e   0x00000014   Code   RO         1834    i.Delay_us          mcu-delay.o
    0x08001592   0x08001592   0x00000002   PAD
    0x08001594   0x08001594   0x00000028   Code   RO         1666    i.GPIO_Configuration  main.o
    0x080015bc   0x080015bc   0x00000116   Code   RO          149    i.GPIO_Init         stm32f10x_gpio.o
    0x080016d2   0x080016d2   0x00000002   PAD
    0x080016d4   0x080016d4   0x00000090   Code   RO          151    i.GPIO_PinRemapConfig  stm32f10x_gpio.o
    0x08001764   0x08001764   0x00000004   Code   RO          156    i.GPIO_ResetBits    stm32f10x_gpio.o
    0x08001768   0x08001768   0x00000004   Code   RO          157    i.GPIO_SetBits      stm32f10x_gpio.o
    0x0800176c   0x0800176c   0x00000004   Code   RO         1735    i.HardFault_Handler  stm32f10x_it.o
    0x08001770   0x08001770   0x00000018   Code   RO         1462    i.I2C_AcknowledgeConfig  stm32f10x_i2c.o
    0x08001788   0x08001788   0x0000002a   Code   RO         1464    i.I2C_CheckEvent    stm32f10x_i2c.o
    0x080017b2   0x080017b2   0x00000018   Code   RO         1467    i.I2C_Cmd           stm32f10x_i2c.o
    0x080017ca   0x080017ca   0x00000018   Code   RO         1474    i.I2C_GenerateSTART  stm32f10x_i2c.o
    0x080017e2   0x080017e2   0x00000018   Code   RO         1475    i.I2C_GenerateSTOP  stm32f10x_i2c.o
    0x080017fa   0x080017fa   0x0000003a   Code   RO         1476    i.I2C_GetFlagStatus  stm32f10x_i2c.o
    0x08001834   0x08001834   0x000000ec   Code   RO         1481    i.I2C_Init          stm32f10x_i2c.o
    0x08001920   0x08001920   0x0000001c   Code   RO         1482    i.I2C_NACKPositionConfig  stm32f10x_i2c.o
    0x0800193c   0x0800193c   0x00000008   Code   RO         1486    i.I2C_ReceiveData   stm32f10x_i2c.o
    0x08001944   0x08001944   0x00000012   Code   RO         1488    i.I2C_Send7bitAddress  stm32f10x_i2c.o
    0x08001956   0x08001956   0x00000004   Code   RO         1489    i.I2C_SendData      stm32f10x_i2c.o
    0x0800195a   0x0800195a   0x00000002   PAD
    0x0800195c   0x0800195c   0x000000bc   Code   RO         1866    i.I2Cx_Init         mcu-i2c.o
    0x08001a18   0x08001a18   0x00000020   Code   RO         1914    i.I2Cx_LCD_BackLight  mcu-i2c-lcd.o
    0x08001a38   0x08001a38   0x0000000a   Code   RO         1915    i.I2Cx_LCD_Clear    mcu-i2c-lcd.o
    0x08001a42   0x08001a42   0x00000002   PAD
    0x08001a44   0x08001a44   0x0000003c   Code   RO         1916    i.I2Cx_LCD_FlushVal  mcu-i2c-lcd.o
    0x08001a80   0x08001a80   0x0000007c   Code   RO         1917    i.I2Cx_LCD_Init     mcu-i2c-lcd.o
    0x08001afc   0x08001afc   0x0000000a   Code   RO         1918    i.I2Cx_LCD_Line2    mcu-i2c-lcd.o
    0x08001b06   0x08001b06   0x0000000a   Code   RO         1919    i.I2Cx_LCD_Line3    mcu-i2c-lcd.o
    0x08001b10   0x08001b10   0x0000001c   Code   RO         1921    i.I2Cx_LCD_Puts     mcu-i2c-lcd.o
    0x08001b2c   0x08001b2c   0x00000030   Code   RO         1922    i.I2Cx_LCD_WriteCmd  mcu-i2c-lcd.o
    0x08001b5c   0x08001b5c   0x00000070   Code   RO         1923    i.I2Cx_LCD_Write_4bit  mcu-i2c-lcd.o
    0x08001bcc   0x08001bcc   0x00000054   Code   RO         1867    i.I2Cx_Pinout       mcu-i2c.o
    0x08001c20   0x08001c20   0x0000001c   Code   RO         1868    i.I2Cx_Read         mcu-i2c.o
    0x08001c3c   0x08001c3c   0x0000001c   Code   RO         1869    i.I2Cx_Write        mcu-i2c.o
    0x08001c58   0x08001c58   0x0000006c   Code   RO         1924    i.LCD_WaitBusy      mcu-i2c-lcd.o
    0x08001cc4   0x08001cc4   0x00000030   Code   RO         1925    i.LCDx_Write_Chr    mcu-i2c-lcd.o
    0x08001cf4   0x08001cf4   0x00000004   Code   RO         1736    i.MemManage_Handler  stm32f10x_it.o
    0x08001cf8   0x08001cf8   0x00000002   Code   RO         1737    i.NMI_Handler       stm32f10x_it.o
    0x08001cfa   0x08001cfa   0x00000002   Code   RO         1738    i.PendSV_Handler    stm32f10x_it.o
    0x08001cfc   0x08001cfc   0x00000020   Code   RO          259    i.RCC_APB1PeriphClockCmd  stm32f10x_rcc.o
    0x08001d1c   0x08001d1c   0x00000020   Code   RO          260    i.RCC_APB1PeriphResetCmd  stm32f10x_rcc.o
    0x08001d3c   0x08001d3c   0x00000020   Code   RO          261    i.RCC_APB2PeriphClockCmd  stm32f10x_rcc.o
    0x08001d5c   0x08001d5c   0x000000d4   Code   RO          269    i.RCC_GetClocksFreq  stm32f10x_rcc.o
    0x08001e30   0x08001e30   0x00000002   Code   RO         1739    i.SVC_Handler       stm32f10x_it.o
    0x08001e32   0x08001e32   0x00000008   Code   RO         1796    i.SetSysClock       system_stm32f10x.o
    0x08001e3a   0x08001e3a   0x00000002   PAD
    0x08001e3c   0x08001e3c   0x000000e0   Code   RO         1797    i.SetSysClockTo72   system_stm32f10x.o
    0x08001f1c   0x08001f1c   0x00000002   Code   RO         1740    i.SysTick_Handler   stm32f10x_it.o
    0x08001f1e   0x08001f1e   0x00000002   PAD
    0x08001f20   0x08001f20   0x00000060   Code   RO         1799    i.SystemInit        system_stm32f10x.o
    0x08001f80   0x08001f80   0x00000018   Code   RO          929    i.TIM_Cmd           stm32f10x_tim.o
    0x08001f98   0x08001f98   0x00000006   Code   RO          948    i.TIM_GetCounter    stm32f10x_tim.o
    0x08001f9e   0x08001f9e   0x00000004   Code   RO          994    i.TIM_SetCounter    stm32f10x_tim.o
    0x08001fa2   0x08001fa2   0x00000002   PAD
    0x08001fa4   0x08001fa4   0x000000a4   Code   RO         1000    i.TIM_TimeBaseInit  stm32f10x_tim.o
    0x08002048   0x08002048   0x00000070   Code   RO         1667    i.UART_Configuration  main.o
    0x080020b8   0x080020b8   0x00000018   Code   RO          515    i.USART_Cmd         stm32f10x_usart.o
    0x080020d0   0x080020d0   0x0000001a   Code   RO          518    i.USART_GetFlagStatus  stm32f10x_usart.o
    0x080020ea   0x080020ea   0x00000002   PAD
    0x080020ec   0x080020ec   0x000000d8   Code   RO          522    i.USART_Init        stm32f10x_usart.o
    0x080021c4   0x080021c4   0x00000020   Code   RO         1668    i.USART_SendChar    main.o
    0x080021e4   0x080021e4   0x00000008   Code   RO          532    i.USART_SendData    stm32f10x_usart.o
    0x080021ec   0x080021ec   0x00000016   Code   RO         1669    i.USART_SendString  main.o
    0x08002202   0x08002202   0x00000004   Code   RO         1741    i.UsageFault_Handler  stm32f10x_it.o
    0x08002206   0x08002206   0x00000028   Code   RO         2130    i.__ARM_fpclassify  m_ws.l(fpclassify.o)
    0x0800222e   0x0800222e   0x00000002   PAD
    0x08002230   0x08002230   0x00000208   Code   RO         1870    i.lib_I2Cx_Read     mcu-i2c.o
    0x08002438   0x08002438   0x0000011c   Code   RO         1871    i.lib_I2Cx_Write    mcu-i2c.o
    0x08002554   0x08002554   0x0000024c   Code   RO         1671    i.main              main.o
    0x080027a0   0x080027a0   0x0000002c   Code   RO         2126    locale$$code        c_w.l(lc_numeric_c.o)
    0x080027cc   0x080027cc   0x00000062   Code   RO         2031    x$fpl$d2f           fz_ws.l(d2f.o)
    0x0800282e   0x0800282e   0x00000002   PAD
    0x08002830   0x08002830   0x00000150   Code   RO         2033    x$fpl$dadd          fz_ws.l(daddsub_clz.o)
    0x08002980   0x08002980   0x00000026   Code   RO         2039    x$fpl$dfltu         fz_ws.l(dflt_clz.o)
    0x080029a6   0x080029a6   0x00000002   PAD
    0x080029a8   0x080029a8   0x00000154   Code   RO         2045    x$fpl$dmul          fz_ws.l(dmul.o)
    0x08002afc   0x08002afc   0x0000009c   Code   RO         2063    x$fpl$dnaninf       fz_ws.l(dnaninf.o)
    0x08002b98   0x08002b98   0x0000000c   Code   RO         2065    x$fpl$dretinf       fz_ws.l(dretinf.o)
    0x08002ba4   0x08002ba4   0x000001d4   Code   RO         2035    x$fpl$dsub          fz_ws.l(daddsub_clz.o)
    0x08002d78   0x08002d78   0x00000056   Code   RO         2047    x$fpl$f2d           fz_ws.l(f2d.o)
    0x08002dce   0x08002dce   0x00000018   Code   RO         2067    x$fpl$fcmpinf       fz_ws.l(fcmpi.o)
    0x08002de6   0x08002de6   0x00000002   PAD
    0x08002de8   0x08002de8   0x00000068   Code   RO         2049    x$fpl$fleqf         fz_ws.l(fleqf.o)
    0x08002e50   0x08002e50   0x0000008c   Code   RO         2069    x$fpl$fnaninf       fz_ws.l(fnaninf.o)
    0x08002edc   0x08002edc   0x0000000a   Code   RO         2071    x$fpl$fretinf       fz_ws.l(fretinf.o)
    0x08002ee6   0x08002ee6   0x00000004   Code   RO         2051    x$fpl$printf1       fz_ws.l(printf1.o)
    0x08002eea   0x08002eea   0x00000000   Code   RO         2073    x$fpl$usenofp       fz_ws.l(usenofp.o)
    0x08002eea   0x08002eea   0x00000002   PAD
    0x08002eec   0x08002eec   0x00000094   Data   RO         2101    .constdata          c_w.l(bigflt0.o)
    0x08002f80   0x08002f80   0x00000020   Data   RO         2271    Region$$Table       anon$$obj.o
    0x08002fa0   0x08002fa0   0x0000001c   Data   RO         2125    locale$$data        c_w.l(lc_numeric_c.o)


    Execution Region ER_RW (Exec base: 0x20000000, Load base: 0x08002fbc, Size: 0x00000048, Max: 0xffffffff, ABSOLUTE)

    Exec Addr    Load Addr    Size         Type   Attr      Idx    E Section Name        Object

    0x20000000   0x08002fbc   0x00000014   Data   RW          289    .data               stm32f10x_rcc.o
    0x20000014   0x08002fd0   0x00000024   Data   RW         1673    .data               main.o
    0x20000038   0x08002ff4   0x00000004   Data   RW         1872    .data               mcu-i2c.o
    0x2000003c   0x08002ff8   0x00000009   Data   RW         1926    .data               mcu-i2c-lcd.o


    Execution Region ER_ZI (Exec base: 0x20000048, Load base: 0x08003004, Size: 0x000006a8, Max: 0xffffffff, ABSOLUTE)

    Exec Addr    Load Addr    Size         Type   Attr      Idx    E Section Name        Object

    0x20000048        -       0x00000042   Zero   RW         1672    .bss                main.o
    0x2000008a   0x08003004   0x00000002   PAD
    0x2000008c        -       0x00000060   Zero   RW         2133    .bss                c_w.l(libspace.o)
    0x200000ec   0x08003004   0x00000004   PAD
    0x200000f0        -       0x00000200   Zero   RW           18    HEAP                startup_stm32f10x_md_vl.o
    0x200002f0        -       0x00000400   Zero   RW           17    STACK               startup_stm32f10x_md_vl.o


==============================================================================

Image component sizes


      Code (inc. data)   RO Data    RW Data    ZI Data      Debug   Object Name

         0          0          0          0          0       4540   core_cm3.o
       954        194          0         36         66       5561   main.o
       192          0          0          0          0       2341   mcu-delay.o
       590         42          0          9          0       5964   mcu-i2c-lcd.o
      1132         56          0          4          0       5814   mcu-i2c.o
         0          0          0          0          0     262644   misc.o
        64         26        288          0       1536        880   startup_stm32f10x_md_vl.o
       412         16          0          0          0       7976   stm32f10x_adc.o
       430          6          0          0          0       3890   stm32f10x_gpio.o
       490         14          0          0          0       8309   stm32f10x_i2c.o
        26          0          0          0          0       3658   stm32f10x_it.o
       308         38          0         20          0       5019   stm32f10x_rcc.o
       198         42          0          0          0       2827   stm32f10x_tim.o
       274          6          0          0          0       4040   stm32f10x_usart.o
       328         28          0          0          0       1837   system_stm32f10x.o

    ----------------------------------------------------------------------
      5418        468        320         72       1604     325300   Object Totals
         0          0         32          0          0          0   (incl. Generated)
        20          0          0          3          2          0   (incl. Padding)

    ----------------------------------------------------------------------

      Code (inc. data)   RO Data    RW Data    ZI Data      Debug   Library Member Name

         8          0          0          0          0         68   __main.o
       104          0          0          0          0         84   __printf.o
         0          0          0          0          0          0   __rtentry.o
        12          0          0          0          0          0   __rtentry2.o
         6          0          0          0          0          0   __rtentry4.o
        52          8          0          0          0          0   __scatter.o
        26          0          0          0          0          0   __scatter_copy.o
        28          0          0          0          0          0   __scatter_zi.o
        48          6          0          0          0         96   _printf_char_common.o
         6          0          0          0          0          0   _printf_d.o
       120         16          0          0          0         92   _printf_dec.o
      1050          0          0          0          0        216   _printf_fp_dec.o
       128         16          0          0          0         84   _printf_fp_infnan.o
         6          0          0          0          0          0   _printf_g.o
       178          0          0          0          0         88   _printf_intcommon.o
         0          0          0          0          0          0   _printf_percent.o
         4          0          0          0          0          0   _printf_percent_end.o
        10          0          0          0          0         68   _sputc.o
       220          4        148          0          0         96   bigflt0.o
      1910        128          0          0          0        672   btod.o
        18          0          0          0          0         80   exit.o
         6          0          0          0          0        152   heapauxi.o
         0          0          0          0          0          0   indicate_semi.o
        44         10         28          0          0         76   lc_numeric_c.o
         2          0          0          0          0          0   libinit.o
        18          0          0          0          0          0   libinit2.o
         2          0          0          0          0          0   libshutdown.o
         2          0          0          0          0          0   libshutdown2.o
         8          4          0          0         96         68   libspace.o
       138          0          0          0          0         80   lludiv10.o
        40          6          0          0          0         84   noretval__2sprintf.o
         8          4          0          0          0         68   rt_locale_intlibspace.o
         2          0          0          0          0          0   rtexit.o
        10          0          0          0          0          0   rtexit2.o
       128          0          0          0          0         68   strcmpv7m.o
        12          4          0          0          0         68   sys_exit.o
        74          0          0          0          0         80   sys_stackheap_outer.o
         2          0          0          0          0         68   use_no_semi.o
        98          4          0          0          0         92   d2f.o
       804         16          0          0          0        272   daddsub_clz.o
        38          0          0          0          0         68   dflt_clz.o
       340         12          0          0          0        104   dmul.o
       156          4          0          0          0         92   dnaninf.o
        12          0          0          0          0         68   dretinf.o
        86          4          0          0          0         84   f2d.o
        24          0          0          0          0         68   fcmpi.o
       104          4          0          0          0         84   fleqf.o
       140          4          0          0          0         84   fnaninf.o
        10          0          0          0          0         68   fretinf.o
         4          0          0          0          0         68   printf1.o
         0          0          0          0          0          0   usenofp.o
        40          0          0          0          0         68   fpclassify.o

    ----------------------------------------------------------------------
      6306        254        176          0        100       3676   Library Totals
        20          0          0          0          4          0   (incl. Padding)

    ----------------------------------------------------------------------

      Code (inc. data)   RO Data    RW Data    ZI Data      Debug   Library Name

      4430        206        176          0         96       2456   c_w.l
      1816         48          0          0          0       1152   fz_ws.l
        40          0          0          0          0         68   m_ws.l

    ----------------------------------------------------------------------
      6306        254        176          0        100       3676   Library Totals

    ----------------------------------------------------------------------

==============================================================================


      Code (inc. data)   RO Data    RW Data    ZI Data      Debug   

     11724        722        496         72       1704     323148   Grand Totals
     11724        722        496         72       1704     323148   ELF Image Totals
     11724        722        496         72          0          0   ROM Totals

==============================================================================

    Total RO  Size (Code + RO Data)                12220 (  11.93kB)
    Total RW  Size (RW Data + ZI Data)              1776 (   1.73kB)
    Total ROM Size (Code + RO Data + RW Data)      12292 (  12.00kB)

==============================================================================

